_:Id
_QMARK_children:Tg
_QMARK_registries:Ug
_QMARK_schema:Vg
__GT_checker:ac
__GT_parser:kc
__GT_parsers:Wg
__GT_transforming_parser_idx:Ie
__extmap:u
__hash:G
__meta:C
_hash:Jd
_meta:qc
_next:lc
_rest:Nf
_seq:ee
addChild:Xg
afn:V
allow_invalid_refs:Yg
arr:A
base:Of
base_count:ng
bitmap:Aa
bounded:fe
buf:ld
buf_len:Pf
buf_pos:uc
buffer_:Yc
cached:md
cached_hierarchy:Je
cached_transforming_parser_idx:Zg
capped:ge
child:mc
childs:Ke
chunk:Xb
chunk_next:Le
ci:Me
class_QMARK_:he
cljs$core$APersistentVector$:Qf
cljs$core$Fn$:og
cljs$core$IAssociative$:pg
cljs$core$IAssociative$_assoc$arity$3:ma
cljs$core$IAssociative$_contains_key_QMARK_$arity$2:qb
cljs$core$IChunk$_drop_first$arity$1:Rf
cljs$core$IChunkedNext$_chunked_next$arity$1:Ne
cljs$core$IChunkedSeq$:uj
cljs$core$IChunkedSeq$_chunked_first$arity$1:ie
cljs$core$IChunkedSeq$_chunked_rest$arity$1:Zc
cljs$core$ICollection$:vj
cljs$core$ICollection$_conj$arity$2:ka
cljs$core$IComparable$:Kd
cljs$core$IComparable$_compare$arity$2:$c
cljs$core$ICounted$:qg
cljs$core$ICounted$_count$arity$1:ga
cljs$core$IDeref$:rg
cljs$core$IDeref$_deref$arity$1:Yb
cljs$core$IDrop$:wj
cljs$core$IDrop$_drop$arity$2:Oc
cljs$core$IEditableCollection$:$g
cljs$core$IEditableCollection$_as_transient$arity$1:Ld
cljs$core$IEmptyableCollection$:ah
cljs$core$IEmptyableCollection$_empty$arity$1:Ba
cljs$core$IEncodeClojure$:xj
cljs$core$IEncodeClojure$_js__GT_clj$arity$2:bh
cljs$core$IEncodeJS$:dh
cljs$core$IEncodeJS$_clj__GT_js$arity$1:eh
cljs$core$IEquiv$_equiv$arity$2:ea
cljs$core$IFind$:je
cljs$core$IFind$_find$arity$2:Md
cljs$core$IFn$:yj
cljs$core$IFn$_invoke$arity$0:B
cljs$core$IFn$_invoke$arity$1:i
cljs$core$IFn$_invoke$arity$10:rb
cljs$core$IFn$_invoke$arity$11:sb
cljs$core$IFn$_invoke$arity$12:tb
cljs$core$IFn$_invoke$arity$13:ub
cljs$core$IFn$_invoke$arity$14:wb
cljs$core$IFn$_invoke$arity$15:xb
cljs$core$IFn$_invoke$arity$16:yb
cljs$core$IFn$_invoke$arity$17:zb
cljs$core$IFn$_invoke$arity$18:Ab
cljs$core$IFn$_invoke$arity$19:Bb
cljs$core$IFn$_invoke$arity$2:j
cljs$core$IFn$_invoke$arity$20:Cb
cljs$core$IFn$_invoke$arity$21:vc
cljs$core$IFn$_invoke$arity$3:m
cljs$core$IFn$_invoke$arity$4:J
cljs$core$IFn$_invoke$arity$5:T
cljs$core$IFn$_invoke$arity$6:$
cljs$core$IFn$_invoke$arity$7:Ca
cljs$core$IFn$_invoke$arity$8:gb
cljs$core$IFn$_invoke$arity$9:Db
cljs$core$IFn$_invoke$arity$variadic:o
cljs$core$IHash$:zj
cljs$core$IHash$_hash$arity$1:fa
cljs$core$IIndexed$:sg
cljs$core$IIndexed$_nth$arity$2:xa
cljs$core$IIndexed$_nth$arity$3:Ib
cljs$core$IIterable$:Aj
cljs$core$IIterable$_iterator$arity$1:ya
cljs$core$IKVReduce$:fh
cljs$core$IKVReduce$_kv_reduce$arity$3:Fb
cljs$core$IList$:Bj
cljs$core$ILookup$:gh
cljs$core$ILookup$_lookup$arity$2:ua
cljs$core$ILookup$_lookup$arity$3:aa
cljs$core$IMap$:Cj
cljs$core$IMap$_dissoc$arity$2:Ob
cljs$core$IMapEntry$:Dj
cljs$core$IMapEntry$_key$arity$1:hh
cljs$core$IMapEntry$_val$arity$1:ih
cljs$core$IMeta$:Sf
cljs$core$IMeta$_meta$arity$1:P
cljs$core$IMultiFn$_add_method$arity$3:O
cljs$core$INamed$:jh
cljs$core$INamed$_name$arity$1:ke
cljs$core$INamed$_namespace$arity$1:le
cljs$core$INext$:me
cljs$core$INext$_next$arity$1:Ua
cljs$core$IPending$:Ej
cljs$core$IPending$_realized_QMARK_$arity$1:ne
cljs$core$IPrintWithWriter$:va
cljs$core$IPrintWithWriter$_pr_writer$arity$3:S
cljs$core$IRecord$:Fj
cljs$core$IReduce$:kh
cljs$core$IReduce$_reduce$arity$2:ab
cljs$core$IReduce$_reduce$arity$3:bb
cljs$core$IReset$_reset_BANG_$arity$2:mh
cljs$core$IReversible$:Gj
cljs$core$IReversible$_rseq$arity$1:oe
cljs$core$ISeq$:Nd
cljs$core$ISeq$_first$arity$1:Ea
cljs$core$ISeq$_rest$arity$1:Xa
cljs$core$ISeqable$:tg
cljs$core$ISeqable$_seq$arity$1:da
cljs$core$ISequential$:ug
cljs$core$ISet$:Hj
cljs$core$ISet$_disjoin$arity$2:vg
cljs$core$IStack$_peek$arity$1:nd
cljs$core$IStack$_pop$arity$1:od
cljs$core$ISwap$_swap_BANG_$arity$2:nh
cljs$core$ISwap$_swap_BANG_$arity$3:oh
cljs$core$ISwap$_swap_BANG_$arity$4:ph
cljs$core$ISwap$_swap_BANG_$arity$5:qh
cljs$core$ITransientAssociative$_assoc_BANG_$arity$3:Od
cljs$core$ITransientCollection$_conj_BANG_$arity$2:Pd
cljs$core$ITransientCollection$_persistent_BANG_$arity$1:pe
cljs$core$IUUID$:wg
cljs$core$IVector$:Ij
cljs$core$IVector$_assoc_n$arity$3:pd
cljs$core$IVolatile$_vreset_BANG_$arity$2:qd
cljs$core$IWithMeta$:xg
cljs$core$IWithMeta$_with_meta$arity$2:R
cljs$core$IWriter$_flush$arity$1:Hc
cljs$core$IWriter$_write$arity$2:ad
cljs$core$Inst$:rh
cljs$lang$applyTo:H
cljs$lang$ctorPrWriter:Jj
cljs$lang$ctorStr:Tf
cljs$lang$maxFixedArity:F
cljs$lang$protocol_mask$partition$:rd
cljs$lang$protocol_mask$partition0$:v
cljs$lang$protocol_mask$partition1$:D
cljs$lang$test:qe
cljs$lang$type:sh
cljs$pprint$IPrettyFlush$_ppflush$arity$1:Uf
cljs$tools$reader$reader_types$IPushbackReader$unread$arity$2:Ic
cljs$tools$reader$reader_types$IndexingReader$:yg
cljs$tools$reader$reader_types$IndexingReader$get_column_number$arity$1:sd
cljs$tools$reader$reader_types$IndexingReader$get_file_name$arity$1:zg
cljs$tools$reader$reader_types$IndexingReader$get_line_number$arity$1:td
cljs$tools$reader$reader_types$Reader$peek_char$arity$1:bc
cljs$tools$reader$reader_types$Reader$read_char$arity$1:ba
clojure$test$check$random$IRandom$rand_double$arity$1:Ag
clojure$test$check$random$IRandom$rand_long$arity$1:Vf
clojure$test$check$random$IRandom$split$arity$1:Bg
clojure$test$check$random$IRandom$split_n$arity$2:Cg
cnt:M
col:Pc
col_key:Fa
coll:Oe
collision_hash:Qc
column:Pb
core:bd
count_:cc
debug_el:th
def:wc
default_dispatch_val:uh
default_schema:Wf
dispatch:la
dispatch_fn:W
dispatch_map:Dg
domain_:Rc
done_nl:Qb
edit:za
editable_QMARK_:Qd
encodedQuery_:nc
end_col_key:Ga
end_location:Ha
end_pos:X
end_row_key:Ia
ensure_editable:ud
entry_parser:sa
errors_max_pos:Xf
eval_string_STAR_:wh
explicit_children:Yf
ext_map_iter:Eg
fempty:xh
fields:vd
file_name:Pe
fin:Qe
finder:wd
fipp$ednize$IEdn$:Fg
fipp$visit$IVisitor$visit_boolean$arity$2:yh
fipp$visit$IVisitor$visit_keyword$arity$2:zh
fipp$visit$IVisitor$visit_map$arity$2:Ah
fipp$visit$IVisitor$visit_meta$arity$3:Bh
fipp$visit$IVisitor$visit_nil$arity$1:Ch
fipp$visit$IVisitor$visit_number$arity$2:Dh
fipp$visit$IVisitor$visit_pattern$arity$2:Eh
fipp$visit$IVisitor$visit_record$arity$2:Fh
fipp$visit$IVisitor$visit_seq$arity$2:Gh
fipp$visit$IVisitor$visit_set$arity$2:Hh
fipp$visit$IVisitor$visit_string$arity$2:Ih
fipp$visit$IVisitor$visit_symbol$arity$2:Jh
fipp$visit$IVisitor$visit_tagged$arity$2:Kh
fipp$visit$IVisitor$visit_unknown$arity$2:Lh
fipp$visit$IVisitor$visit_var$arity$2:Mh
fipp$visit$IVisitor$visit_vector$arity$2:Nh
fm:Gg
fn:ha
fork:Oh
fpred:xd
fqn:ia
fragment_:yd
from_ast:Re
front:Zb
fseq:Rd
func:xc
function_checker:Zf
gen:cd
getTypedStringValue:Kj
getValues:zd
ghost:dd
guard:Sd
hasNext:ta
has_nil_QMARK_:Gb
hash_map:yc
hierarchy:Se
high_:ja
i:K
ignoreCase_:rc
implementsGoogStringTypedString:Lj
in$:Ph
indent:Jb
inode_assoc:zc
inode_assoc_BANG_:Ac
inode_find:re
inode_lookup:ed
inode_seq:se
inode_without:te
input_state:Hg
internal:fd
intra_block_nl:Rb
isEmpty:Te
isReadOnly_:Qh
iter:Td
keep:Ue
keyMap_:hb
key_schema:ue
keyset:Ig
kv_reduce:ve
last_was_whitespace_QMARK_:we
lazy:Ud
lb:Rh
line_start_QMARK_:Bc
location_QMARK_:Ja
logical_block:ca
logical_block_callback:Sb
low_:qa
m:gd
malli$core$AST$:ra
malli$core$AST$_to_ast$arity$2:Kb
malli$core$Cached$:ib
malli$core$Cached$_cache$arity$1:jb
malli$core$DistributiveSchema$_distribute_to_children$arity$3:$f
malli$core$DistributiveSchema$_distributive_schema_QMARK_$arity$1:ag
malli$core$EntryParser$:Jg
malli$core$EntryParser$_entry_children$arity$1:bg
malli$core$EntryParser$_entry_entries$arity$1:cg
malli$core$EntryParser$_entry_forms$arity$1:dg
malli$core$EntryParser$_entry_keyset$arity$1:eg
malli$core$EntrySchema$:xe
malli$core$EntrySchema$_entries$arity$1:Ad
malli$core$EntrySchema$_entry_parser$arity$1:ye
malli$core$FunctionSchema$_function_info$arity$1:ze
malli$core$FunctionSchema$_function_schema_QMARK_$arity$1:Ve
malli$core$FunctionSchema$_instrument_f$arity$4:We
malli$core$IntoSchema$:kb
malli$core$IntoSchema$_into_schema$arity$4:Ya
malli$core$IntoSchema$_type$arity$1:Za
malli$core$IntoSchema$_type_properties$arity$1:cb
malli$core$ParserInfo$_parser_info$arity$2:$b
malli$core$RefSchema$:Xe
malli$core$RefSchema$_deref$arity$1:Vd
malli$core$RefSchema$_ref$arity$1:Ae
malli$core$RegexSchema$_regex_explainer$arity$2:Wd
malli$core$RegexSchema$_regex_min_max$arity$2:Xd
malli$core$RegexSchema$_regex_op_QMARK_$arity$1:Yd
malli$core$RegexSchema$_regex_validator$arity$1:Zd
malli$core$Schema$:lb
malli$core$Schema$_children$arity$1:wa
malli$core$Schema$_explainer$arity$2:eb
malli$core$Schema$_form$arity$1:fb
malli$core$Schema$_options$arity$1:$a
malli$core$Schema$_parent$arity$1:mb
malli$core$Schema$_properties$arity$1:nb
malli$core$Schema$_validator$arity$1:Da
malli$generator$Generator$_generator$arity$2:Sh
malli$impl$regex$ICache$ensure_cached_BANG_$arity$4:Kg
malli$impl$regex$IExplanationDriver$fail_BANG_$arity$3:Lg
malli$impl$regex$IExplanationDriver$noncaching_park_explainer_BANG_$arity$6:fg
malli$impl$regex$IExplanationDriver$park_explainer_BANG_$arity$6:Mg
malli$impl$regex$IExplanationDriver$value_path$arity$2:Ng
malli$impl$regex$IParseDriver$noncaching_park_transformer_BANG_$arity$7:Th
malli$impl$regex$IParseDriver$park_transformer_BANG_$arity$7:Uh
malli$impl$regex$IValidationDriver$noncaching_park_validator_BANG_$arity$6:gg
malli$impl$regex$IValidationDriver$park_validator_BANG_$arity$6:Og
malli$registry$Registry$:$d
malli$registry$Registry$_schema$arity$2:ae
malli$registry$Registry$_schemas$arity$1:be
map__29031:Ye
map__29075:Vh
map__29572:Wh
map__29743:Xh
map__29941:Yh
map__29952:Zh
map__30614:Ze
map__30629:$h
map__30755:$e
map__30897:ai
map__31048:bi
map__31155:af
map__31308:bf
map__31309:cf
map__31409:df
map__31410:ef
matches_QMARK_:Be
max_columns:hg
meta:N
meta20609:ci
meta21707:di
meta21720:ei
meta21738:fi
meta21754:gi
meta21800:hi
meta28870:ii
meta28910:ji
meta29035:ff
meta29045:ki
meta29070:gf
meta29087:li
meta29140:hf
meta29146:mi
meta29233:jf
meta29248:ni
meta29340:kf
meta29352:oi
meta29417:lf
meta29429:pi
meta29475:mf
meta29485:ri
meta29558:nf
meta29605:si
meta29725:pf
meta29770:ti
meta29903:qf
meta29992:wi
meta30113:rf
meta30134:xi
meta30211:sf
meta30229:yi
meta30302:tf
meta30314:zi
meta30343:uf
meta30349:Ai
meta30367:vf
meta30384:Bi
meta30445:wf
meta30487:Ci
meta30617:xf
meta30649:Di
meta30759:yf
meta30776:Ei
meta30877:zf
meta30920:Fi
meta31031:Af
meta31057:Gi
meta31160:Bf
meta31172:Hi
meta31313:Cf
meta31326:Ii
meta31418:Df
meta31430:Ji
meta33113:Ki
meta34035:Li
meta34995:Mi
meta35014:Ni
meta35047:Oi
meta35068:Pi
method_cache:Ef
method_table:Ff
miser_width:Qi
more:Cc
mseq:na
multi:Ri
next_entry:Ce
next_iter:Dc
nil_val:Hb
ns:Tb
ns_state:Ka
off:pb
opts:oa
opts_SINGLEQUOTE_:Si
p__29074:Ti
p__29571:Ui
p__29742:Vi
p__29938:Wi
p__30308:Xi
p__30613:Gf
p__30624:Yi
p__30625:Zi
p__30752:Hf
p__30896:$i
p__31046:aj
p__31154:If
p__31306:Jf
p__31408:Kf
params:Ec
parser:De
path_:Jc
per_line_prefix:Ub
piece:Sc
port_:ce
postprocess:La
pred:hd
pred_QMARK_:Bd
prefer_table:bj
prev:Ee
prev_column:Fe
prev_seed:ig
properties:U
property_pred:jd
props:Lb
queryData_:Fc
rdr:sc
re:cj
re_explainer:dc
re_min_max:ec
re_parser:Tc
re_transformer:Uc
re_unparser:Vc
re_validator:fc
read_eval:Ma
rear:jc
record:dj
ref:Pg
regex:Na
registries:jg
regs:ej
relative_to:oc
rest:Eb
rf:Kc
riter:Ge
root_iter:Qg
row:Wc
row_key:Oa
s_len:Rg
s_pos:de
sb:fj
schema:pa
scheme_:kd
section:Vb
seen:kg
seq:Lc
setIgnoreCase:lg
simple_default_parser_QMARK_:gj
simple_parser_QMARK_:Xc
sourceIter:mg
source_key:Pa
splicing_QMARK_:Mc
sprite:hj
start_col:Mb
start_pos:Y
str:Nc
success:Cd
suppress_read:Qa
sym:Dd
syntax_quote:Ra
tail:Nb
temp__5823__auto__:ij
to_ast:Ed
trailing_white_space:tc
transient_map:Fd
type_properties:Wb
type_tag:Z
unparse:jj
unquote:Sa
unquote_splicing:Ta
userInfo_:Gd
uuid:Hd
v:ob
val:I
validate_limits:hc
validator:kj
vals:Lf
value_schema:He
var:lj
var$:Wa
vec__29425:mj
vec__29753:nj
vec__29955:oj
vec__30309:pj
vec__30378:qj
vec__30626:rj
vec__30900:sj
vec__31164:tj
watches:Sg
writer:Va
xf:Gc
xform:Mf
