G__30352$jscomp$inline_1819:zJ
JSCompiler_StaticMethods_assoc_BANG_:Ij
JSCompiler_StaticMethods_cljs$core$IMultiFn$_get_method$arity$2:yl
JSCompiler_StaticMethods_cljs$core$ITransientVector$_assoc_n_BANG_$arity$3:Ji
JSCompiler_StaticMethods_containsKey:nb
JSCompiler_StaticMethods_enforceReadOnly:$a
JSCompiler_StaticMethods_ensureKeyMapInitialized_:lb
JSCompiler_StaticMethods_forceChunk:dk
JSCompiler_StaticMethods_getKeyName_:mb
JSCompiler_StaticMethods_isZero:va
JSCompiler_StaticMethods_negate:ra
JSCompiler_StaticMethods_setPort:ab
JSCompiler_StaticMethods_setQueryData:bb
JSCompiler_StaticMethods_setScheme:Za
JSCompiler_StaticMethods_shiftRight:wa
JSCompiler_StaticMethods_shiftRightUnsigned:xa
JSCompiler_StaticMethods_sval:lg
JSCompiler_StaticMethods_toNumber:ua
JSCompiler_inline_result$jscomp$3050:ED
JSCompiler_prototypeAlias:h
JSCompiler_temp_const$jscomp$3041:DD
JSCompiler_temp_const$jscomp$3042:CD
JSCompiler_temp_const$jscomp$3043:BD
JSCompiler_temp_const$jscomp$3044:AD
JSCompiler_temp_const$jscomp$3045:zD
JSCompiler_temp_const$jscomp$3046:yD
JSCompiler_temp_const$jscomp$3047:xD
JSCompiler_temp_const$jscomp$3048:wD
JSCompiler_temp_const$jscomp$3049:vD
L 0:a
L 1:b
L 10:p
L 11:q
L 12:u
L 13:y
L 14:C
L 15:D
L 16:H
L 17:K
L 18:U
L 19:R
L 2:c
L 20:T
L 21:ia
L 22:aa
L 23:qa
L 24:Aa
L 25:Ga
L 26:ba
L 27:Ka
L 28:ja
L 29:Ca
L 3:d
L 30:Wa
L 31:Tc
L 32:wg
L 33:Nf
L 34:ti
L 35:xg
L 36:ui
L 37:wo
L 38:Of
L 39:Ae
L 4:e
L 40:yg
L 41:Mj
L 42:ne
L 43:GE
L 44:xo
L 45:yo
L 5:f
L 6:g
L 7:k
L 8:l
L 9:n
_QMARK_registry$jscomp$inline_2584:OD
_evaluator_33916:uD
_fail_BANG__33914:tD
a$jscomp$inline_1964:IM
a$jscomp$inline_1968:NM
arr$jscomp$inline_1814:rJ
b$jscomp$inline_1966:KM
b$jscomp$inline_1970:PM
borkdude$dynaload$LazyVar:lA
cached_hierarchy__5771__auto__$jscomp$inline_2589:qE
cached_hierarchy__5771__auto__$jscomp$inline_2643:IF
cached_hierarchy__5771__auto__$jscomp$inline_2889:eQ
cached_hierarchy__5771__auto__$jscomp$inline_2923:wQ
childs$jscomp$inline_3056:KD
cljs$core$ArrayChunk:ng
cljs$core$ArrayIter:Yg
cljs$core$ArrayNode:rj
cljs$core$ArrayNodeIterator:vj
cljs$core$ArrayNodeSeq:Cj
cljs$core$Atom:yh
cljs$core$BitmapIndexedNode:nj
cljs$core$BitmapIndexedNode$EMPTY:qj
cljs$core$Box:hj
cljs$core$ChunkBuffer:mg
cljs$core$ChunkedCons:pg
cljs$core$ChunkedSeq:Di
cljs$core$Cons:Yf
cljs$core$Delay:Ok
cljs$core$EMPTY:gh
cljs$core$ES6EntriesIterator:Si
cljs$core$ES6Iterator:Ld
cljs$core$ES6IteratorSeq:Nd
cljs$core$ES6SetEntriesIterator:Ui
cljs$core$Eduction:Tk
cljs$core$Empty:fh
cljs$core$EmptyList:Vf
cljs$core$ExceptionInfo:Cl
cljs$core$Fn:Ob
cljs$core$HashCollisionNode:zj
cljs$core$HashMapIter:Ej
cljs$core$HashSetIter:Rj
cljs$core$IAssociative:hc
cljs$core$ICollection:Ub
cljs$core$IComparable:$c
cljs$core$ICounted:Qb
cljs$core$IDeref:wc
cljs$core$IEmptyableCollection:Sb
cljs$core$IEncodeClojure:al
cljs$core$IEncodeJS:Wk
cljs$core$IFind:kc
cljs$core$IFn:Pb
cljs$core$IIndexed:Wb
cljs$core$IIndexed$_nth$dyn_22024:Yb
cljs$core$IIterable:kd
cljs$core$IKVReduce:Ec
cljs$core$IList:Lc
cljs$core$ILookup:dc
cljs$core$ILookup$_lookup$dyn_22080:fc
cljs$core$IMap:mc
cljs$core$IMeta:xc
cljs$core$INIT:Zg
cljs$core$INext:bc
cljs$core$IPending:Uc
cljs$core$IPrintWithWriter:Rc
cljs$core$IRecord:Mc
cljs$core$IReduce:Bc
cljs$core$IReduce$_reduce$dyn_22179:Dc
cljs$core$IReversible:Nc
cljs$core$ISeq:Zb
cljs$core$ISeqable:Ic
cljs$core$ISequential:Kc
cljs$core$ISet:qc
cljs$core$ISwap$_swap_BANG_$dyn_22296:id
cljs$core$ITER_SYMBOL:Jb
cljs$core$IVector:uc
cljs$core$IWithMeta:zc
cljs$core$IndexedSeq:E
cljs$core$IndexedSeqIterator:je
cljs$core$Inst:Sd
cljs$core$IntegerRange:bk
cljs$core$IntegerRangeChunk:Zj
cljs$core$Iterate:Nh
cljs$core$KeySeq:Lj
cljs$core$Keyword:A
cljs$core$LazySeq:kg
cljs$core$List:ve
cljs$core$List$EMPTY:Kd
cljs$core$Many:ch
cljs$core$MapEntry:jf
cljs$core$MetaFn:Ce
cljs$core$MultiFn:xl
cljs$core$NONE:dh
cljs$core$NeverEquiv:Oi
cljs$core$NodeIterator:mj
cljs$core$NodeSeq:Aj
cljs$core$PROTOCOL_SENTINEL:r
cljs$core$PersistentArrayMap:Y
cljs$core$PersistentArrayMap$EMPTY:V
cljs$core$PersistentArrayMap$HASHMAP_THRESHOLD:aj
cljs$core$PersistentArrayMap$createAsIfByAssoc:ye
cljs$core$PersistentArrayMap$createAsIfByAssocComplexPath:fj
cljs$core$PersistentArrayMapIterator:Xi
cljs$core$PersistentArrayMapSeq:Wi
cljs$core$PersistentHashMap:Fj
cljs$core$PersistentHashMap$EMPTY:bj
cljs$core$PersistentHashMap$fromArrays:Hj
cljs$core$PersistentHashSet:Sj
cljs$core$PersistentHashSet$EMPTY:Uj
cljs$core$PersistentHashSet$createAsIfByAssoc:lf
cljs$core$PersistentQueue:Mi
cljs$core$PersistentQueue$EMPTY:Ni
cljs$core$PersistentQueueIter:Ki
cljs$core$PersistentQueueSeq:Li
cljs$core$PersistentVector:W
cljs$core$PersistentVector$EMPTY:ue
cljs$core$PersistentVector$EMPTY_NODE:X
cljs$core$PersistentVector$fromArray:xi
cljs$core$RSeq:ke
cljs$core$Range:ck
cljs$core$RangeIterator:ak
cljs$core$RangedIterator:mi
cljs$core$RecordIter:Ri
cljs$core$Reduced:Vd
cljs$core$Repeat:Kh
cljs$core$START:$g
cljs$core$SeqIter:ah
cljs$core$Single:eh
cljs$core$StringBufferWriter:nd
cljs$core$StringIter:Xg
cljs$core$Subvec:Fi
cljs$core$Symbol:w
cljs$core$TaggedLiteral:dm
cljs$core$TransformerIterator:ih
cljs$core$TransientArrayMap:$i
cljs$core$TransientHashMap:Gj
cljs$core$TransientHashSet:Tj
cljs$core$TransientVector:qi
cljs$core$UNREALIZED_SEED:Mh
cljs$core$UUID:zl
cljs$core$ValSeq:Nj
cljs$core$Var:Ed
cljs$core$VectorNode:bi
cljs$core$Volatile:Ch
cljs$core$_:Bf
cljs$core$_EQ_:B
cljs$core$_GT_:Ff
cljs$core$_GT__EQ_:Gf
cljs$core$_LT_:Df
cljs$core$_LT__EQ_:Ef
cljs$core$_PLUS_:Af
cljs$core$_STAR_:Cf
cljs$core$_STAR_out_STAR_:pb
cljs$core$_STAR_print_fn_STAR_:qb
cljs$core$_STAR_print_length_STAR_:tb
cljs$core$_STAR_print_level_STAR_:ub
cljs$core$_STAR_print_newline_STAR_:rb
cljs$core$_STAR_print_readably_STAR_:sb
cljs$core$__destructure_map:S
cljs$core$_add_method:vl
cljs$core$_as_transient:Wc
cljs$core$_assoc:jc
cljs$core$_assoc_BANG_:Zc
cljs$core$_assoc_n:vc
cljs$core$_chunked_first:cd
cljs$core$_chunked_rest:dd
cljs$core$_clj__GT_js:Xk
cljs$core$_compare:ad
cljs$core$_conj:Vb
cljs$core$_conj_BANG_:Xc
cljs$core$_contains_key_QMARK_:ic
cljs$core$_count:Rb
cljs$core$_deref:v
cljs$core$_disjoin:rc
cljs$core$_dissoc:nc
cljs$core$_drop:md
cljs$core$_drop_first:bd
cljs$core$_empty:Tb
cljs$core$_equiv:Gc
cljs$core$_find:lc
cljs$core$_first:$b
cljs$core$_flush:Qc
cljs$core$_global_hierarchy:il
cljs$core$_hash:Hc
cljs$core$_indexOf$cljs$0core$0IFn$0_invoke$0arity$03:fe
cljs$core$_iterator:ld
cljs$core$_js__GT_clj:bl
cljs$core$_key:oc
cljs$core$_kv_reduce:Fc
cljs$core$_lastIndexOf$cljs$0core$0IFn$0_invoke$0arity$03:ie
cljs$core$_lookup:ec
cljs$core$_meta:yc
cljs$core$_name:ed
cljs$core$_namespace:fd
cljs$core$_next:cc
cljs$core$_nth:Xb
cljs$core$_peek:sc
cljs$core$_persistent_BANG_:Yc
cljs$core$_pop:tc
cljs$core$_pr_writer:Sc
cljs$core$_realized_QMARK_:Vc
cljs$core$_reduce:Cc
cljs$core$_reset_BANG_:gd
cljs$core$_rest:ac
cljs$core$_rseq:Oc
cljs$core$_seq:Jc
cljs$core$_swap_BANG_:hd
cljs$core$_val:pc
cljs$core$_vreset_BANG_:jd
cljs$core$_with_meta:Ac
cljs$core$_write:Pc
cljs$core$aclone:Kb
cljs$core$any_QMARK_:Db
cljs$core$apply:Gd
cljs$core$apply$cljs$0core$0IFn$0_invoke$0arity$02:Kg
cljs$core$apply$cljs$0core$0IFn$0_invoke$0arity$03:Lg
cljs$core$apply$cljs$0core$0IFn$0_invoke$0arity$04:Mg
cljs$core$apply$cljs$0core$0IFn$0_invoke$0arity$05:Ng
cljs$core$apply$cljs$0core$0IFn$0_invoke$0arity$0variadic:Og
cljs$core$apply_to:Eg
cljs$core$apply_to_simple$cljs$0core$0IFn$0_invoke$0arity$03:Gg
cljs$core$apply_to_simple$cljs$0core$0IFn$0_invoke$0arity$04:Hg
cljs$core$apply_to_simple$cljs$0core$0IFn$0_invoke$0arity$05:Ig
cljs$core$apply_to_simple$cljs$0core$0IFn$0_invoke$0arity$06:Jg
cljs$core$array_QMARK_:xb
cljs$core$array__GT_transient_hash_map:gj
cljs$core$array_copy:Re
cljs$core$array_for:ji
cljs$core$array_index_of:Vi
cljs$core$array_map:Kj
cljs$core$array_reduce$cljs$0core$0IFn$0_invoke$0arity$02:ae
cljs$core$array_reduce$cljs$0core$0IFn$0_invoke$0arity$03:be
cljs$core$array_reduce$cljs$0core$0IFn$0_invoke$0arity$04:ce
cljs$core$assoc:P
cljs$core$assoc_BANG_:Dg
cljs$core$assoc_in:Zh
cljs$core$associative_QMARK_:Le
cljs$core$atom$cljs$0core$0IFn$0_invoke$0arity$01:zh
cljs$core$bases:nl
cljs$core$bit_count:Qf
cljs$core$boolean$0:Ye
cljs$core$boolean_QMARK_:Ve
cljs$core$bounded_count:ug
cljs$core$build_subvec:Gi
cljs$core$butlast:Wj
cljs$core$char$0:Kf
cljs$core$char_QMARK_:Cb
cljs$core$char_escapes:uk
cljs$core$chunk:sg
cljs$core$chunkIteratorSeq:hh
cljs$core$chunk_append:rg
cljs$core$chunk_buffer:og
cljs$core$chunk_cons:qg
cljs$core$chunked_seq:wi
cljs$core$chunked_seq$cljs$0core$0IFn$0_invoke$0arity$04:vi
cljs$core$chunked_seq$cljs$0core$0IFn$0_invoke$0arity$05:Ei
cljs$core$chunked_seq_QMARK_:Qe
cljs$core$ci_reduce$cljs$0core$0IFn$0_invoke$0arity$02:Zd
cljs$core$ci_reduce$cljs$0core$0IFn$0_invoke$0arity$03:$d
cljs$core$clj__GT_js:Zk
cljs$core$clone_and_set$cljs$0core$0IFn$0_invoke$0arity$03:ij
cljs$core$coll_QMARK_:Je
cljs$core$comp:qh
cljs$core$compare:mf
cljs$core$compare_indexed$cljs$0core$0IFn$0_invoke$0arity$02:nf
cljs$core$compare_keywords:Zf
cljs$core$compare_symbols:Ad
cljs$core$complement:oh
cljs$core$completing$cljs$0core$0IFn$0_invoke$0arity$02:yf
cljs$core$concat:zg
cljs$core$conj:N
cljs$core$conj_BANG_:Cg
cljs$core$cons:me
cljs$core$constantly:ph
cljs$core$contains_QMARK_:gf
cljs$core$count:J
cljs$core$counted_QMARK_:de
cljs$core$create_array_node_seq:xj
cljs$core$create_array_node_seq$cljs$0core$0IFn$0_invoke$0arity$01:wj
cljs$core$create_array_node_seq$cljs$0core$0IFn$0_invoke$0arity$03:Dj
cljs$core$create_inode_seq:pj
cljs$core$create_inode_seq$cljs$0core$0IFn$0_invoke$0arity$01:oj
cljs$core$create_inode_seq$cljs$0core$0IFn$0_invoke$0arity$03:Bj
cljs$core$create_node:tj
cljs$core$create_node$cljs$0core$0IFn$0_invoke$0arity$06:uj
cljs$core$create_node$cljs$0core$0IFn$0_invoke$0arity$07:sj
cljs$core$dec:Hf
cljs$core$deref:Yd
cljs$core$disj:He
cljs$core$dissoc:ze
cljs$core$distinct_QMARK_:kf
cljs$core$do_assoc:ki
cljs$core$doall$cljs$0core$0IFn$0_invoke$0arity$01:kk
cljs$core$dominates:tl
cljs$core$double_QMARK_:ff
cljs$core$drop$cljs$0core$0IFn$0_invoke$0arity$02:Ih
cljs$core$drop_last$cljs$0core$0IFn$0_invoke$0arity$02:Jh
cljs$core$edit_and_set$cljs$0core$0IFn$0_invoke$0arity$04:kj
cljs$core$eduction:Uk
cljs$core$empty:we
cljs$core$empty_QMARK_:Ie
cljs$core$empty_ordered_hash:Pd
cljs$core$empty_unordered_hash:Rd
cljs$core$enable_console_print_BANG_:vb
cljs$core$equiv_map:Qi
cljs$core$equiv_sequential:le
cljs$core$es6_entries_iterator:Ti
cljs$core$es6_iterator:Md
cljs$core$es6_iterator_seq:Id
cljs$core$even_QMARK_:nh
cljs$core$every_QMARK_:lh
cljs$core$every_pred$cljs$0core$0IFn$0_invoke$0arity$02:Eh
cljs$core$ex_data:El
cljs$core$ex_info$cljs$0core$0IFn$0_invoke$0arity$02:Dl
cljs$core$false_QMARK_:Te
cljs$core$filter$cljs$0core$0IFn$0_invoke$0arity$02:Sh
cljs$core$find:hf
cljs$core$find_and_cache_best_method:ul
cljs$core$first:G
cljs$core$fix:Lf
cljs$core$float_QMARK_:ef
cljs$core$fn_QMARK_:Be
cljs$core$fn__GT_comparator:of
cljs$core$fnext:se
cljs$core$fnil$cljs$0core$0IFn$0_invoke$0arity$02:sh
cljs$core$force:Sk
cljs$core$frequencies:hk
cljs$core$gensym$cljs$0core$0IFn$0_invoke$0arity$01:Nk
cljs$core$gensym_counter:Mk
cljs$core$get:Bd
cljs$core$get$cljs$0core$0IFn$0_invoke$0arity$02:z
cljs$core$get$cljs$0core$0IFn$0_invoke$0arity$03:Cd
cljs$core$get_global_hierarchy:jl
cljs$core$get_in$cljs$0core$0IFn$0_invoke$0arity$02:Yh
cljs$core$group_by:hl
cljs$core$hash:wd
cljs$core$hash_collision_node_find_index:yj
cljs$core$hash_combine:xd
cljs$core$hash_map:Jj
cljs$core$hash_ordered_coll:Od
cljs$core$hash_string:vd
cljs$core$hash_symbol:zd
cljs$core$hash_unordered_coll:Qd
cljs$core$ident_QMARK_:bg
cljs$core$identity:xf
cljs$core$ifn_QMARK_:Ze
cljs$core$imul:pd
cljs$core$inc:Ud
cljs$core$indexed_QMARK_:ee
cljs$core$inode_kv_reduce:lj
cljs$core$inst_QMARK_:Td
cljs$core$int_QMARK_:af
cljs$core$integer_QMARK_:$e
cljs$core$interleave:Ph
cljs$core$interpose$cljs$0core$0IFn$0_invoke$0arity$02:Qh
cljs$core$into:Uh
cljs$core$into_array$cljs$0core$0IFn$0_invoke$0arity$02:Lb
cljs$core$isa_QMARK_$cljs$0core$0IFn$0_invoke$0arity$03:pl
cljs$core$iter:bh
cljs$core$iter_reduce$cljs$0core$0IFn$0_invoke$0arity$02:tf
cljs$core$iter_reduce$cljs$0core$0IFn$0_invoke$0arity$03:uf
cljs$core$iterable_QMARK_:Hd
cljs$core$iterate:Oh
cljs$core$js__GT_clj$cljs$0core$0IFn$0_invoke$0arity$01:cl
cljs$core$js__GT_clj$cljs$0core$0IFn$0_invoke$0arity$0variadic:dl
cljs$core$juxt$cljs$0core$0IFn$0_invoke$0arity$02:jk
cljs$core$keep$cljs$0core$0IFn$0_invoke$0arity$01:wh
cljs$core$keep_indexed$cljs$0core$0IFn$0_invoke$0arity$01:Dh
cljs$core$key:Ai
cljs$core$key__GT_js$cljs$0core$0IFn$0_invoke$0arity$02:Yk
cljs$core$key_test:cj
cljs$core$keys:Yi
cljs$core$keyword:ig
cljs$core$keyword_QMARK_:$f
cljs$core$keyword_identical_QMARK_:Q
cljs$core$last:te
cljs$core$lift_ns:Jk
cljs$core$linear_traversal_nth$cljs$0core$0IFn$0_invoke$0arity$03:xe
cljs$core$list:Xf
cljs$core$list_QMARK_:Uf
cljs$core$list_STAR_:Ag
cljs$core$lookup_sentinel:Se
cljs$core$m3_fmix:sd
cljs$core$m3_mix_H1:rd
cljs$core$m3_mix_K1:qd
cljs$core$map:Fh
cljs$core$map_QMARK_:Ne
cljs$core$map_entry_QMARK_:zi
cljs$core$map_indexed$cljs$0core$0IFn$0_invoke$0arity$01:th
cljs$core$map_indexed$cljs$0core$0IFn$0_invoke$0arity$02:vh
cljs$core$mapcat$cljs$0core$0IFn$0_invoke$0arity$0variadic:Rh
cljs$core$mapv:Vh
cljs$core$max:If
cljs$core$memoize:fl
cljs$core$merge:Rg
cljs$core$merge_with$cljs$0core$0IFn$0_invoke$0arity$0variadic:Oj
cljs$core$meta:Ee
cljs$core$min:Jf
cljs$core$missing_protocol:Gb
cljs$core$name:jg
cljs$core$namespace:ag
cljs$core$nat_int_QMARK_:df
cljs$core$native_satisfies_QMARK_:Eb
cljs$core$neg_int_QMARK_:cf
cljs$core$never_equiv:Pi
cljs$core$new_path:fi
cljs$core$next:I
cljs$core$next_STAR_:Fg
cljs$core$nil_QMARK_:wb
cljs$core$nil_iter:Wg
cljs$core$not:zb
cljs$core$not_EQ_:Tg
cljs$core$not_empty:Ug
cljs$core$nth:he
cljs$core$nth$cljs$0core$0IFn$0_invoke$0arity$02:ge
cljs$core$nth$cljs$0core$0IFn$0_invoke$0arity$03:O
cljs$core$number_QMARK_:yb
cljs$core$object_array$cljs$0core$0IFn$0_invoke$0arity$01:tg
cljs$core$pam_grow_seed_array:ej
cljs$core$pam_new_size:dj
cljs$core$parents$cljs$0core$0IFn$0_invoke$0arity$01:ql
cljs$core$partial$cljs$0core$0IFn$0_invoke$0arity$02:rh
cljs$core$partition$cljs$0core$0IFn$0_invoke$0arity$02:Wh
cljs$core$partition$cljs$0core$0IFn$0_invoke$0arity$03:Xh
cljs$core$peek:Fe
cljs$core$persistent_BANG_:Bg
cljs$core$pop:Ge
cljs$core$pop_tail:li
cljs$core$pos_QMARK_:Rf
cljs$core$pos_int_QMARK_:bf
cljs$core$pr_sequential_writer:pk
cljs$core$pr_str:Fk
cljs$core$pr_str_STAR_:od
cljs$core$pr_str_with_opts:Ek
cljs$core$pr_writer:zk
cljs$core$pr_writer_impl:yk
cljs$core$prefers_STAR_:sl
cljs$core$prim_seq$cljs$0core$0IFn$0_invoke$0arity$02:M
cljs$core$print_map:Ak
cljs$core$print_meta_QMARK_:wk
cljs$core$print_prefix_map:Kk
cljs$core$print_str:Gk
cljs$core$println$cljs$0core$0IFn$0_invoke$0arity$0variadic:Hk
cljs$core$push_tail:gi
cljs$core$pv_clone_node:di
cljs$core$pv_fresh_node:ci
cljs$core$pv_reduce$cljs$0core$0IFn$0_invoke$0arity$04:oi
cljs$core$pv_reduce$cljs$0core$0IFn$0_invoke$0arity$05:pi
cljs$core$qualified_ident_QMARK_:dg
cljs$core$qualified_keyword_QMARK_:hg
cljs$core$qualified_symbol_QMARK_:fg
cljs$core$quot:Mf
cljs$core$quote_string:vk
cljs$core$rand_int:gl
cljs$core$range$cljs$0core$0IFn$0_invoke$0arity$02:ek
cljs$core$range$cljs$0core$0IFn$0_invoke$0arity$03:fk
cljs$core$ranged_iterator:ni
cljs$core$re_find:nk
cljs$core$re_matches:mk
cljs$core$re_pattern:ok
cljs$core$record_QMARK_:Oe
cljs$core$reduce:Nb
cljs$core$reduce$cljs$0core$0IFn$0_invoke$0arity$02:vf
cljs$core$reduce$cljs$0core$0IFn$0_invoke$0arity$03:Mb
cljs$core$reduce_kv:wf
cljs$core$reduced:Wd
cljs$core$reduced_QMARK_:Xd
cljs$core$reductions$cljs$0core$0IFn$0_invoke$0arity$03:ik
cljs$core$regexp_QMARK_:lk
cljs$core$rem:Pf
cljs$core$remove$cljs$0core$0IFn$0_invoke$0arity$02:Th
cljs$core$remove_pair:jj
cljs$core$repeat$cljs$0core$0IFn$0_invoke$0arity$02:Lh
cljs$core$reset_BANG_:Ah
cljs$core$reset_cache:rl
cljs$core$rest:Jd
cljs$core$reverse:Wf
cljs$core$run_BANG_:Vk
cljs$core$second:re
cljs$core$select_keys:Pj
cljs$core$seq:F
cljs$core$seq_QMARK_:We
cljs$core$seq_reduce:pe
cljs$core$seq_reduce$cljs$0core$0IFn$0_invoke$0arity$02:oe
cljs$core$seq_reduce$cljs$0core$0IFn$0_invoke$0arity$03:qe
cljs$core$seqable_QMARK_:Xe
cljs$core$sequence$cljs$0core$0IFn$0_invoke$0arity$01:kh
cljs$core$sequential_QMARK_:Me
cljs$core$set:Vj
cljs$core$set_QMARK_:Ke
cljs$core$simple_ident_QMARK_:cg
cljs$core$simple_keyword_QMARK_:gg
cljs$core$simple_symbol_QMARK_:eg
cljs$core$some:mh
cljs$core$some_QMARK_:Ab
cljs$core$sort$cljs$0core$0IFn$0_invoke$0arity$02:pf
cljs$core$sort_by$cljs$0core$0IFn$0_invoke$0arity$02:rf
cljs$core$sort_by$cljs$0core$0IFn$0_invoke$0arity$03:sf
cljs$core$special_symbol_QMARK_:Fl
cljs$core$spread:vg
cljs$core$str:x
cljs$core$str_:Ib
cljs$core$string_QMARK_:Bb
cljs$core$string_hash_cache:td
cljs$core$string_hash_cache_count:ud
cljs$core$string_print:tk
cljs$core$strip_ns:Ik
cljs$core$subs$cljs$0core$0IFn$0_invoke$0arity$02:Tf
cljs$core$supers:ol
cljs$core$swap_BANG_:Bh
cljs$core$symbol:Fd
cljs$core$symbol_QMARK_:yd
cljs$core$t_cljs$0core20608:Vg
cljs$core$tagged_literal:em
cljs$core$tail_off:ei
cljs$core$take$cljs$0core$0IFn$0_invoke$0arity$01:Gh
cljs$core$take$cljs$0core$0IFn$0_invoke$0arity$02:Hh
cljs$core$take_nth$cljs$0core$0IFn$0_invoke$0arity$02:gk
cljs$core$take_while$cljs$0core$0IFn$0_invoke$0arity$02:Yj
cljs$core$throw_no_method_error:wl
cljs$core$to_array:qf
cljs$core$transduce$cljs$0core$0IFn$0_invoke$0arity$04:zf
cljs$core$transformer_iterator:jh
cljs$core$true_QMARK_:Ue
cljs$core$truth_:t
cljs$core$tv_editable_root:ri
cljs$core$tv_editable_tail:si
cljs$core$tv_ensure_editable:Hi
cljs$core$tv_push_tail:Ii
cljs$core$type:Fb
cljs$core$type__GT_str:Hb
cljs$core$unchecked_array_for:ii
cljs$core$update:ai
cljs$core$update_in:$h
cljs$core$uri_QMARK_:fm
cljs$core$uuid:Al
cljs$core$uuid_QMARK_:Bl
cljs$core$val:Bi
cljs$core$vals:Zi
cljs$core$var_QMARK_:Dd
cljs$core$vary_meta$cljs$0core$0IFn$0_invoke$0arity$02:Pg
cljs$core$vary_meta$cljs$0core$0IFn$0_invoke$0arity$03:Qg
cljs$core$vary_meta$cljs$0core$0IFn$0_invoke$0arity$04:Sg
cljs$core$vec:yi
cljs$core$vector:Ci
cljs$core$vector_QMARK_:Pe
cljs$core$vector_index_out_of_bounds:hi
cljs$core$volatile_BANG_:uh
cljs$core$with_meta:De
cljs$core$write_all$cljs$0core$0IFn$0_invoke$0arity$0variadic:sk
cljs$core$zero_QMARK_:Sf
cljs$core$zipmap:Xj
cljs$cst$1$readably:Bk
cljs$cst$10$fallback_impl:Dk
cljs$cst$1000$das_button:jy
cljs$cst$1001$cur:Ly
cljs$cst$1002$base:Ox
cljs$cst$1007$parent:wx
cljs$cst$1008$section:Ww
cljs$cst$1009$start_col:Bv
cljs$cst$1010$indent:Lq
cljs$cst$1011$done_nl:Nu
cljs$cst$1012$intra_block_nl:xm
cljs$cst$1013$prefix:Es
cljs$cst$1014$per_line_prefix:Qn
cljs$cst$1015$suffix:Jt
cljs$cst$1016$logical_block_callback:lq
cljs$cst$1026$end_pos:Jn
cljs$cst$1027$start_pos:Bu
cljs$cst$1028$type_tag:cy
cljs$cst$1029$trailing_white_space:pm
cljs$cst$1035$buffer_blob:vp
cljs$cst$1036$logical_block:ss
cljs$cst$1038$nl_t:Qt
cljs$cst$1039$start_block_t:Bp
cljs$cst$1040$end_block_t:et
cljs$cst$1041$relative_to:sm
cljs$cst$1044$indent_t:gq
cljs$cst$1045$start:nx
cljs$cst$1046$block:hy
cljs$cst$1047$mandatory:Cu
cljs$cst$1048$fill:Ou
cljs$cst$1049$linear:Am
cljs$cst$1050$miser:Nm
cljs$cst$1051$logical_blocks:Lo
cljs$cst$1052$buffering:zo
cljs$cst$1053$writing:jq
cljs$cst$1057$miser_width:Pn
cljs$cst$1058$buffer_block:Yu
cljs$cst$1059$pretty_writer:Hu
cljs$cst$1060$sections:ax
cljs$cst$1061$buffer_level:nu
cljs$cst$1062$stream:mt
cljs$cst$1063$circle:su
cljs$cst$1064$length:js
cljs$cst$1065$lines:dq
cljs$cst$1066$pretty:ex
cljs$cst$1067$radix:Ew
cljs$cst$1068$right_margin:jp
cljs$cst$1069$suppress_namespaces:Ey
cljs$cst$107$default:ln
cljs$cst$1072$seq:iv
cljs$cst$1073$rest:Rs
cljs$cst$1076$func:nr
cljs$cst$1077$def:Zv
cljs$cst$1078$params:Ft
cljs$cst$108$sci_DOT_core_SLASH_eval_string_STAR_:wu
cljs$cst$1081$colon:Jq
cljs$cst$1082$at:Mt
cljs$cst$1083$parameter_from_args:kq
cljs$cst$1084$remaining_arg_count:Ko
cljs$cst$1085$minpad:qs
cljs$cst$1086$mincol:Bn
cljs$cst$1087$colinc:zv
cljs$cst$1088$padchar:mn
cljs$cst$1089$commainterval:Oo
cljs$cst$109$sci_DOT_core_SLASH_init:An
cljs$cst$1090$commachar:zw
cljs$cst$1091$char_format:ps
cljs$cst$1092$up_arrow:Kv
cljs$cst$1093$colon_up_arrow:Xs
cljs$cst$1094$base_args:Co
cljs$cst$1095$w:Rv
cljs$cst$1096$d:mw
cljs$cst$1097$overflowchar:rw
cljs$cst$1098$e:kw
cljs$cst$1099$exponentchar:Bm
cljs$cst$11$val:Lk
cljs$cst$110$sci_DOT_core_SLASH_fork:Vm
cljs$cst$1100$n:Yv
cljs$cst$1101$selector:nq
cljs$cst$1102$clauses:Ex
cljs$cst$1103$max_iterations:Ur
cljs$cst$1104$right_params:Iq
cljs$cst$1105$else_params:Oy
cljs$cst$1106$min_remaining:vw
cljs$cst$1107$max_columns:tr
cljs$cst$111$min:es
cljs$cst$1114$colnum:$r
cljs$cst$1115$directive:lu
cljs$cst$1116$flags:Du
cljs$cst$1117$both:Lr
cljs$cst$1118$bracket_info:Qp
cljs$cst$1119$generator_fn:bv
cljs$cst$112$max:It
cljs$cst$1120$count:vm
cljs$cst$1121$allows_separator:to
cljs$cst$1122$last:Br
cljs$cst$1123$separator:hu
cljs$cst$1124$first:Hw
cljs$cst$1125$arg1:Bo
cljs$cst$1126$arg2:Fo
cljs$cst$1127$arg3:Do
cljs$cst$1128$right_bracket:$v
cljs$cst$1129$cljs_DOT_core_SLASH_deref:ey
cljs$cst$1130$cljs_DOT_core_SLASH_unquote:Wx
cljs$cst$1131$cljs_DOT_core_SLASH_lift_ns:Wp
cljs$cst$1132$cljs_DOT_core:Mm
cljs$cst$1133$lift_ns:qo
cljs$cst$1134$not_delivered:Nn
cljs$cst$1135$queue:eo
cljs$cst$1136$when_first:np
cljs$cst$1137$condp:Wu
cljs$cst$1138$_DOT__DOT_:fn
cljs$cst$1139$defmacro:To
cljs$cst$1140$defn:jv
cljs$cst$1141$loop:mr
cljs$cst$1142$struct:oq
cljs$cst$1143$doseq:as
cljs$cst$1144$if_not:Nq
cljs$cst$1145$when_not:cn
cljs$cst$1146$when:ny
cljs$cst$1147$with_open:Kp
cljs$cst$1148$with_local_vars:Yn
cljs$cst$1149$defonce:Gx
cljs$cst$115$malli_DOT_core_SLASH_child_error:pq
cljs$cst$1150$when_let:Km
cljs$cst$1151$dotimes:Tr
cljs$cst$1152$cond:hs
cljs$cst$1153$let:lx
cljs$cst$1154$defn_:ay
cljs$cst$1155$locking:iy
cljs$cst$1156$__GT_:Xm
cljs$cst$1157$if_let:fo
cljs$cst$1158$binding:Ep
cljs$cst$1159$struct_map:dt
cljs$cst$116$properties:oo
cljs$cst$1160$cells:ox
cljs$cst$117$children:ut
cljs$cst$118$id:fv
cljs$cst$119$lazy:Kr
cljs$cst$12$status:Pk
cljs$cst$120$string:Ds
cljs$cst$121$keyword:Xu
cljs$cst$122$symbol:Mr
cljs$cst$123$int:Dp
cljs$cst$124$double:uy
cljs$cst$125$arity:ww
cljs$cst$126$varargs:Rt
cljs$cst$127$malli_DOT_core_SLASH_multiple_varargs:nm
cljs$cst$128$infos:Im
cljs$cst$129$malli_DOT_core_SLASH_duplicate_arities:Jx
cljs$cst$13$ready:Qk
cljs$cst$130$pred:Pq
cljs$cst$131$registry:Hv
cljs$cst$132$malli_DOT_core_SLASH_allow_invalid_refs:wv
cljs$cst$137$malli_DOT_core_SLASH_infinitely_expanding_schema:Jv
cljs$cst$138$malli_DOT_core_SLASH_invalid_schema:On
cljs$cst$139$form:tu
cljs$cst$14$pending:Rk
cljs$cst$142$children:gn
cljs$cst$144$entries:Zu
cljs$cst$146$order:Rr
cljs$cst$148$malli_DOT_core_SLASH_invalid_entry:rq
cljs$cst$149$entry:bs
cljs$cst$150$malli_DOT_core_SLASH_duplicate_keys:Kn
cljs$cst$151$arr:By
cljs$cst$152$naked_keys:Cw
cljs$cst$153$lazy_refs:vy
cljs$cst$159$malli_DOT_core_SLASH_lazy_entries:Dq
cljs$cst$160$malli_DOT_core_SLASH_default:dx
cljs$cst$172$keys:Mv
cljs$cst$173$child:Ls
cljs$cst$174$malli_DOT_core_SLASH_coll_check_limit:Ny
cljs$cst$175$namespace:Gs
cljs$cst$177$simple_parser:Vw
cljs$cst$183$properties:rm
cljs$cst$190$type:Sr
cljs$cst$194$compile:Qx
cljs$cst$195$malli_DOT_core_SLASH_schema:Ss
cljs$cst$196$property_pred:xy
cljs$cst$197$to_ast:Dx
cljs$cst$198$type_properties:vx
cljs$cst$199$from_ast:hv
cljs$cst$2$meta:xk
cljs$cst$20$keyword_fn:$k
cljs$cst$200$malli_DOT_core_SLASH_into_schema:kp
cljs$cst$201$nil:gm
cljs$cst$202$any:Fm
cljs$cst$203$some:iu
cljs$cst$204$float:Vn
cljs$cst$205$boolean:Hr
cljs$cst$206$qualified_keyword:hp
cljs$cst$207$qualified_symbol:Uu
cljs$cst$208$uuid:$s
cljs$cst$21$keywordize_keys:el
cljs$cst$218$and:Cm
cljs$cst$219$tags:Xt
cljs$cst$22$parents:kl
cljs$cst$220$parse_SLASH_transforming_child:Qm
cljs$cst$221$none:Fy
cljs$cst$222$malli_DOT_core_SLASH_and_schema_invalid_parse_property:er
cljs$cst$223$malli_DOT_core_SLASH_and_schema_multiple_transforming_parsers:Wm
cljs$cst$224$malli_DOT_core_SLASH_transforming_parser_idx:At
cljs$cst$229$andn:Mo
cljs$cst$23$descendants:ll
cljs$cst$234$or:eu
cljs$cst$238$orn:sr
cljs$cst$24$ancestors:ml
cljs$cst$244$not:Kx
cljs$cst$249$malli_DOT_core_SLASH_val:Sq
cljs$cst$25$type:Z
cljs$cst$250$optional:Hn
cljs$cst$251$malli_DOT_core_SLASH_missing_key:qr
cljs$cst$252$malli_DOT_core_SLASH_extra_key:Gq
cljs$cst$262$opts:zn
cljs$cst$264$map:Et
cljs$cst$265$closed:xr
cljs$cst$266$malli_DOT_core_SLASH_simple_default_parser_QMARK_:zs
cljs$cst$267$map_of:vu
cljs$cst$268$malli_DOT_core_SLASH_limits:ry
cljs$cst$27$message:Zs
cljs$cst$279$malli_DOT_core_SLASH_simple_parser_QMARK_:Hy
cljs$cst$28$data:Jm
cljs$cst$280$malli_DOT_core_SLASH_in:Zt
cljs$cst$295$empty:Ot
cljs$cst$296$parse:qx
cljs$cst$297$unparse:sw
cljs$cst$298$bounded:tn
cljs$cst$299$malli_DOT_core_SLASH_cannot_provide_empty_and_bounded_props:mo
cljs$cst$300$malli_DOT_core_SLASH_tuple_size:Ps
cljs$cst$304$tuple:Pp
cljs$cst$305$enum:gu
cljs$cst$318$re:kx
cljs$cst$322$fn:gt
cljs$cst$328$maybe:Vx
cljs$cst$329$malli_DOT_core_SLASH_invalid_dispatch_value:Os
cljs$cst$33$phase:gp
cljs$cst$337$multi:ct
cljs$cst$338$dispatch:Qs
cljs$cst$339$malli_DOT_core_SLASH_missing_property:Go
cljs$cst$34$_AMPERSAND_:Gl
cljs$cst$340$scope:rt
cljs$cst$341$name:Zp
cljs$cst$342$malli_DOT_core_SLASH_parser_info_cycles:Io
cljs$cst$343$malli_DOT_core_SLASH_potentially_recursive_seqex:Hp
cljs$cst$35$case_STAR_:Hl
cljs$cst$352$_:aw
cljs$cst$36$defrecord_STAR_:Il
cljs$cst$362$ref:Ho
cljs$cst$363$malli_DOT_core_SLASH_invalid_ref:$o
cljs$cst$37$try:Jl
cljs$cst$373$raw:xp
cljs$cst$374$input:Vr
cljs$cst$375$output:My
cljs$cst$376$guard:Ju
cljs$cst$377$report:jt
cljs$cst$378$gen:xq
cljs$cst$379$malli_DOT_core_SLASH_missing_function:Sn
cljs$cst$38$ns_STAR_:Kl
cljs$cst$380$props:fp
cljs$cst$381$malli_DOT_core_SLASH_invalid_arity:rx
cljs$cst$382$arities:tw
cljs$cst$383$args:Zn
cljs$cst$384$malli_DOT_core_SLASH_invalid_input:sq
cljs$cst$385$malli_DOT_core_SLASH_invalid_output:Rn
cljs$cst$386$malli_DOT_core_SLASH_invalid_guard:Gr
cljs$cst$387$_EQ__GT_:Nx
cljs$cst$388$malli_DOT_core_SLASH_explain_input:xw
cljs$cst$389$malli_DOT_core_SLASH_explain_output:Wq
cljs$cst$39$finally:Ll
cljs$cst$390$malli_DOT_core_SLASH_explain_guard:bo
cljs$cst$391$check:ws
cljs$cst$392$errors:Bt
cljs$cst$4$print_length:qk
cljs$cst$40$loop_STAR_:Ml
cljs$cst$404$malli_DOT_core_SLASH_function_checker:ev
cljs$cst$405$cat:Np
cljs$cst$406$catn:Xr
cljs$cst$407$malli_DOT_core_SLASH_invalid_input_schema:Fn
cljs$cst$408$_scope:In
cljs$cst$409$f:hw
cljs$cst$41$do:Nl
cljs$cst$415$function:uw
cljs$cst$416$malli_DOT_core_SLASH_non_function_childs:fx
cljs$cst$419$fn:Pr
cljs$cst$42$letfn_STAR_:Ol
cljs$cst$425$childs:yx
cljs$cst$426$__GT_:yu
cljs$cst$43$if:Pl
cljs$cst$439$child_bounds:st
cljs$cst$44$new:Ql
cljs$cst$440$re_validator:Yp
cljs$cst$441$re_explainer:Un
cljs$cst$442$re_parser:gr
cljs$cst$443$re_unparser:ku
cljs$cst$444$re_transformer:Jo
cljs$cst$445$re_min_max:hn
cljs$cst$45$ns:Rl
cljs$cst$453$keep:Ir
cljs$cst$455$explainer:cp
cljs$cst$459$malli_DOT_core_SLASH_coercion:Bw
cljs$cst$46$deftype_STAR_:Sl
cljs$cst$460$explain:Em
cljs$cst$464$preset:ft
cljs$cst$465$termination_safe:gx
cljs$cst$466$aliases:Oq
cljs$cst$467$str:Mq
cljs$cst$468$clojure_DOT_string:So
cljs$cst$469$malli_DOT_core:Tx
cljs$cst$47$let_STAR_:Tl
cljs$cst$470$namespaces:Bx
cljs$cst$471$malli_DOT_core_SLASH_sci_not_available:my
cljs$cst$472$code:Vv
cljs$cst$473$malli_DOT_core_SLASH_disable_sci:hr
cljs$cst$474$malli_DOT_core_SLASH_sci_options:Kt
cljs$cst$475$any_QMARK_:Cs
cljs$cst$476$some_QMARK_:bx
cljs$cst$477$number_QMARK_:Lp
cljs$cst$478$integer_QMARK_:Hx
cljs$cst$479$int_QMARK_:vq
cljs$cst$48$js_STAR_:Ul
cljs$cst$480$pos_int_QMARK_:Tq
cljs$cst$481$neg_int_QMARK_:cs
cljs$cst$482$nat_int_QMARK_:go
cljs$cst$483$pos_QMARK_:ro
cljs$cst$484$neg_QMARK_:$n
cljs$cst$485$float_QMARK_:nw
cljs$cst$486$double_QMARK_:Gw
cljs$cst$487$boolean_QMARK_:Ov
cljs$cst$488$string_QMARK_:wt
cljs$cst$489$ident_QMARK_:lm
cljs$cst$49$fn_STAR_:Vl
cljs$cst$490$simple_ident_QMARK_:dp
cljs$cst$491$qualified_ident_QMARK_:cq
cljs$cst$492$keyword_QMARK_:ru
cljs$cst$493$simple_keyword_QMARK_:Ro
cljs$cst$494$qualified_keyword_QMARK_:Dr
cljs$cst$495$symbol_QMARK_:Po
cljs$cst$496$simple_symbol_QMARK_:Yq
cljs$cst$497$qualified_symbol_QMARK_:Tm
cljs$cst$498$uuid_QMARK_:Dn
cljs$cst$499$uri_QMARK_:bn
cljs$cst$5$validator:ux
cljs$cst$50$recur:Wl
cljs$cst$500$inst_QMARK_:Lx
cljs$cst$501$seqable_QMARK_:is
cljs$cst$502$indexed_QMARK_:ls
cljs$cst$503$map_QMARK_:eq
cljs$cst$504$vector_QMARK_:Gy
cljs$cst$505$list_QMARK_:Cy
cljs$cst$506$seq_QMARK_:mm
cljs$cst$507$char_QMARK_:Er
cljs$cst$508$set_QMARK_:yn
cljs$cst$509$nil_QMARK_:Zm
cljs$cst$51$set_BANG_:Xl
cljs$cst$510$false_QMARK_:ot
cljs$cst$511$true_QMARK_:Hm
cljs$cst$512$zero_QMARK_:rs
cljs$cst$513$coll_QMARK_:Ut
cljs$cst$514$associative_QMARK_:Mu
cljs$cst$515$sequential_QMARK_:nn
cljs$cst$516$ifn_QMARK_:Om
cljs$cst$517$fn_QMARK_:Ns
cljs$cst$518$empty_QMARK_:Eq
cljs$cst$519$_GT_:Fw
cljs$cst$52$_DOT_:Yl
cljs$cst$520$_GT__EQ_:Yx
cljs$cst$521$_LT_:qw
cljs$cst$522$_LT__EQ_:oy
cljs$cst$523$_EQ_:ow
cljs$cst$524$not_EQ_:ym
cljs$cst$525$_PLUS_:Mw
cljs$cst$526$_STAR_:Nw
cljs$cst$527$_QMARK_:Dw
cljs$cst$528$repeat:Gt
cljs$cst$529$alt:en
cljs$cst$53$var:Zl
cljs$cst$530$altn:Fs
cljs$cst$531$seqable:Hq
cljs$cst$532$sequential:io
cljs$cst$533$vector:br
cljs$cst$534$every:Iv
cljs$cst$535$set:mv
cljs$cst$539$malli_DOT_core_SLASH_register_function_schema:Ms
cljs$cst$54$quote:$l
cljs$cst$541$malli_DOT_core_SLASH_instrument_requires_function_schema:Op
cljs$cst$542$js:qm
cljs$cst$544$inst:mq
cljs$cst$545$uuid:Hs
cljs$cst$55$catch:am
cljs$cst$56$throw:bm
cljs$cst$567$hierarchy:yw
cljs$cst$568$op:cu
cljs$cst$569$text:vv
cljs$cst$57$def:cm
cljs$cst$570$node:Dv
cljs$cst$571$pass:xs
cljs$cst$572$escaped:kt
cljs$cst$573$span:zy
cljs$cst$574$line:km
cljs$cst$575$inline:Mn
cljs$cst$576$terminate:Lw
cljs$cst$577$break:hm
cljs$cst$578$group:uu
cljs$cst$579$begin:Yr
cljs$cst$58$test:Lu
cljs$cst$580$end:ho
cljs$cst$581$nest:wq
cljs$cst$582$offset:wn
cljs$cst$583$outdent:Qw
cljs$cst$584$align:Up
cljs$cst$585$right:zm
cljs$cst$59$ok:du
cljs$cst$6$cljs_DOT_core_SLASH_not_found:Qj
cljs$cst$600$title:En
cljs$cst$601$title_dark:$w
cljs$cst$602$link:im
cljs$cst$603$constant:wp
cljs$cst$604$error:Tn
cljs$cst$605$colors:sx
cljs$cst$606$unknown:sy
cljs$cst$609$malli_DOT_dev_DOT_virhe_SLASH_default:Qr
cljs$cst$61$ns:Ku
cljs$cst$610$body:Tp
cljs$cst$612$merge_default:pv
cljs$cst$613$merge_required:Zo
cljs$cst$615$k:cw
cljs$cst$617$merge:Zx
cljs$cst$618$union:yr
cljs$cst$619$select_keys:Mx
cljs$cst$62$malli_DOT_core_SLASH_invalid:Ys
cljs$cst$620$negated:qq
cljs$cst$621$malli_DOT_error_SLASH_misspelled_value:Gn
cljs$cst$622$malli_DOT_error_SLASH_unknown:Xq
cljs$cst$623$malli_DOT_error_SLASH_misspelled_key:Yo
cljs$cst$624$error_SLASH_message:ao
cljs$cst$625$en:Ws
cljs$cst$626$error_SLASH_fn:Jr
cljs$cst$627$malli_DOT_error_SLASH_likely_misspelling_of:ar
cljs$cst$628$malli_DOT_error_SLASH_error:Nr
cljs$cst$629$malli_SLASH_error:ys
cljs$cst$63$path:Vt
cljs$cst$630$locale:Jy
cljs$cst$631$default_locale:Uq
cljs$cst$632$error_SLASH_path:nv
cljs$cst$633$malli_DOT_error_SLASH_mask_valid_values:ap
cljs$cst$634$malli_DOT_error_SLASH_accept_error:ur
cljs$cst$635$malli_DOT_error_SLASH_wrap_error:qv
cljs$cst$636$malli_DOT_error_SLASH_keep_valid_values:Ev
cljs$cst$637$wrap:xn
cljs$cst$638$keep_likely_misspelled_of:os
cljs$cst$639$resolve:qy
cljs$cst$64$in:lv
cljs$cst$640$splicing_QMARK_:Iu
cljs$cst$642$param_tags:aq
cljs$cst$643$s:lw
cljs$cst$648$rdr:wm
cljs$cst$649$not_native:jo
cljs$cst$65$schema:Eu
cljs$cst$658$source:Qu
cljs$cst$659$buffer:zq
cljs$cst$66$value:Qo
cljs$cst$661$lib:ty
cljs$cst$662$doc:Pt
cljs$cst$663$require:cx
cljs$cst$664$full_classname:Gm
cljs$cst$665$classname:Gv
cljs$cst$666$package:Ow
cljs$cst$667$import:Py
cljs$cst$668$current:Um
cljs$cst$669$requires:ht
cljs$cst$67$malli_DOT_core_SLASH_end_of_input:qt
cljs$cst$670$as:Nt
cljs$cst$671$as_alias:an
cljs$cst$672$imports:Is
cljs$cst$673$strable:on
cljs$cst$674$list:uo
cljs$cst$675$reader_exception:om
cljs$cst$676$ex_kind:pn
cljs$cst$677$file:Vu
cljs$cst$678$col:qn
cljs$cst$679$reader_error:zr
cljs$cst$68$malli_DOT_core_SLASH_input_remaining:$p
cljs$cst$680$illegal_argument:hq
cljs$cst$681$eof:Wn
cljs$cst$682$regex:tq
cljs$cst$683$character:Xx
cljs$cst$684$column:au
cljs$cst$685$end_line:Iy
cljs$cst$686$end_column:op
cljs$cst$687$_SLASH_:Lv
cljs$cst$688$NaN:Uo
cljs$cst$689$_Inf:xu
cljs$cst$69$values:jx
cljs$cst$690$Inf:Ym
cljs$cst$691$else:gv
cljs$cst$692$features:Cp
cljs$cst$693$read_cond:Wt
cljs$cst$694$preserve:Cr
cljs$cst$698$clojure_DOT_core_SLASH_unquote_splicing:Pw
cljs$cst$699$clojure_DOT_core_SLASH_unquote:ou
cljs$cst$70$key:ks
cljs$cst$700$clojure_DOT_core_SLASH_list:fs
cljs$cst$701$cljs_DOT_core_SLASH_with_meta:no
cljs$cst$712$namespaced_map:dy
cljs$cst$713$clojure_DOT_core_SLASH_deref:ns
cljs$cst$715$readers:St
cljs$cst$716$queue:sv
cljs$cst$717$cljs_DOT_core_SLASH_into:zx
cljs$cst$718$cljs_DOT_core_DOT_PersistentQueue_DOT_EMPTY:Fu
cljs$cst$719$cljs_DOT_reader_SLASH_read_date:sn
cljs$cst$72$tag:fq
cljs$cst$720$private:Xw
cljs$cst$721$arglists:lp
cljs$cst$722$cljs_DOT_reader:$x
cljs$cst$723$read_date:pw
cljs$cst$725$max_fixed:Ct
cljs$cst$726$var_args_QMARK_:Yw
cljs$cst$727$_PERCENT_1:Fr
cljs$cst$728$_PERCENT__AMPERSAND_:Ar
cljs$cst$729$clojure_DOT_core_SLASH_sequence:tp
cljs$cst$730$clojure_DOT_core_SLASH_seq:wr
cljs$cst$731$clojure_DOT_core_SLASH_concat:Ux
cljs$cst$732$clojure_DOT_core_SLASH_apply:Yt
cljs$cst$733$clojure_DOT_core_SLASH_hash_map:Nv
cljs$cst$734$clojure_DOT_core_SLASH_array_map:yv
cljs$cst$735$gensyms:Ts
cljs$cst$736$resolve_symbol:Ip
cljs$cst$737$syntax_quote:Ax
cljs$cst$738$ns_state:Su
cljs$cst$739$clojure_DOT_core_SLASH_vec:ly
cljs$cst$740$clojure_DOT_core_SLASH_hash_set:px
cljs$cst$741$row_key:Iw
cljs$cst$742$col_key:Ao
cljs$cst$743$end_row_key:pt
cljs$cst$744$end_col_key:Px
cljs$cst$745$row:Dm
cljs$cst$746$edamame_SLASH_error:$q
cljs$cst$747$cljs_DOT_tools_DOT_reader_DOT_impl_DOT_commons_SLASH_number_literal_QMARK_:Mp
cljs$cst$748$cljs_DOT_tools_DOT_reader_DOT_impl_DOT_commons:kv
cljs$cst$749$number_literal_QMARK_:fu
cljs$cst$750$boolean:pr
cljs$cst$751$reader:Kq
cljs$cst$752$initch:Cn
cljs$cst$753$cljs_DOT_tools_DOT_reader_DOT_edn_SLASH_escape_char:lt
cljs$cst$754$cljs_DOT_tools_DOT_reader_DOT_edn:Js
cljs$cst$755$escape_char:ts
cljs$cst$756$sb:Xn
cljs$cst$757$cljs_DOT_tools_DOT_reader_DOT_edn_SLASH_read_char_STAR_:fw
cljs$cst$758$read_char_STAR_:kn
cljs$cst$759$backslash:jr
cljs$cst$760$cljs_DOT_tools_DOT_reader_DOT_edn_SLASH_read_symbolic_value:lo
cljs$cst$761$read_symbolic_value:As
cljs$cst$762$tools_DOT_reader_SLASH_opts:Sx
cljs$cst$763$edamame_SLASH_expected_delimiter:Au
cljs$cst$764$edamame_SLASH_opened_delimiter:rn
cljs$cst$765$edamame_SLASH_opened_delimiter_loc:iq
cljs$cst$768$edamame_DOT_impl_DOT_parser_SLASH_expected_delimiter:Cx
cljs$cst$769$edamame_DOT_impl_DOT_parser_SLASH_opened_delimiter:Dt
cljs$cst$770$char:Zr
cljs$cst$771$edamame_SLASH_read_cond_splicing:bt
cljs$cst$772$suppress_read:yp
cljs$cst$773$auto_resolve:uq
cljs$cst$774$expr:up
cljs$cst$775$var:cr
cljs$cst$776$edamame_DOT_impl_DOT_parser_SLASH_fn_literal:Ap
cljs$cst$777$read_eval:by
cljs$cst$778$edamame_DOT_core_SLASH_read_eval:Fv
cljs$cst$779$uneval:Us
cljs$cst$780$next:dr
cljs$cst$781$deref:Or
cljs$cst$782$quote:Tt
cljs$cst$783$unquote:or
cljs$cst$784$unquote_splicing:pp
cljs$cst$785$auto_resolve_ns:Pu
cljs$cst$786$postprocess:co
cljs$cst$787$location_QMARK_:Ln
cljs$cst$788$end_location:Rq
cljs$cst$789$obj:mu
cljs$cst$790$loc:mx
cljs$cst$791$source_key:yt
cljs$cst$8$more_marker:rk
cljs$cst$809$all:$m
cljs$cst$810$end_row:Eo
cljs$cst$811$end_col:Vo
cljs$cst$813$malli_DOT_edn_SLASH_var_parsing_not_supported:qu
cljs$cst$814$malli_DOT_edn_SLASH_edamame_options:py
cljs$cst$817$user_SLASH_id:Lm
cljs$cst$818$malli_DOT_core_SLASH_explain:rp
cljs$cst$819$fn_name:Rm
cljs$cst$820$_data:ds
cljs$cst$821$_exception:Wo
cljs$cst$822$malli_DOT_edn_SLASH_read_string:ms
cljs$cst$823$cljs_DOT_core_SLASH_resolve:Vq
cljs$cst$832$clojure_DOT_test_DOT_check_DOT_generators_SLASH_list:Bs
cljs$cst$833$clojure_DOT_test_DOT_check_DOT_generators_SLASH_map:Sw
cljs$cst$835$clojure_DOT_test_DOT_check_DOT_generators_SLASH_set:wy
cljs$cst$836$clojure_DOT_test_DOT_check_DOT_generators_SLASH_vector:hx
cljs$cst$838$clojure_DOT_test_DOT_check_DOT_generators_SLASH_fmap:Qq
cljs$cst$839$clojure_DOT_test_DOT_check_DOT_generators_SLASH_elements:ir
cljs$cst$842$clojure_DOT_test_DOT_check_DOT_generators_SLASH_one_of:jn
cljs$cst$843$clojure_DOT_test_DOT_check_DOT_generators_SLASH_such_that:Ru
cljs$cst$846$clojure_DOT_test_DOT_check_DOT_generators_SLASH_return:vs
cljs$cst$847$clojure_DOT_test_DOT_check_DOT_generators_SLASH_large_integer_STAR_:Jw
cljs$cst$852$clojure_DOT_test_DOT_check_DOT_generators_SLASH_any_printable:Rw
cljs$cst$853$clojure_DOT_test_DOT_check_DOT_generators_SLASH_boolean:dn
cljs$cst$854$clojure_DOT_test_DOT_check_DOT_generators_SLASH_char:Fq
cljs$cst$858$clojure_DOT_test_DOT_check_DOT_generators_SLASH_double:Sm
cljs$cst$860$clojure_DOT_test_DOT_check_DOT_generators_SLASH_keyword:mp
cljs$cst$861$clojure_DOT_test_DOT_check_DOT_generators_SLASH_keyword_ns:at
cljs$cst$862$clojure_DOT_test_DOT_check_DOT_generators_SLASH_large_integer:tm
cljs$cst$865$clojure_DOT_test_DOT_check_DOT_generators_SLASH_simple_type_printable:fy
cljs$cst$868$clojure_DOT_test_DOT_check_DOT_generators_SLASH_string_alphanumeric:pu
cljs$cst$869$clojure_DOT_test_DOT_check_DOT_generators_SLASH_symbol:xx
cljs$cst$87$malli_DOT_core_SLASH_invalid_type:Ht
cljs$cst$870$clojure_DOT_test_DOT_check_DOT_generators_SLASH_symbol_ns:tt
cljs$cst$871$clojure_DOT_test_DOT_check_DOT_generators_SLASH_uuid:vr
cljs$cst$874$seed:Tw
cljs$cst$875$state:Uw
cljs$cst$876$returned:Xo
cljs$cst$878$ex_fn:Zq
cljs$cst$879$max_tries:tv
cljs$cst$88$m:gw
cljs$cst$880$max_tries_or_opts:lr
cljs$cst$881$num_elements:$u
cljs$cst$882$min_elements:Aq
cljs$cst$883$max_elements:Wr
cljs$cst$884$infinite_QMARK_:Pv
cljs$cst$885$NaN_QMARK_:rr
cljs$cst$9$alt_impl:Ck
cljs$cst$910$malli_DOT_generator_SLASH_original_generator_schema:zt
cljs$cst$911$malli_DOT_generator_SLASH_unsatisfiable_schema:bw
cljs$cst$912$malli_DOT_generator_SLASH_never_gen:bu
cljs$cst$913$gen_SLASH_min:ju
cljs$cst$914$gen_SLASH_max:Ks
cljs$cst$915$malli_DOT_generator_SLASH_invalid_property:Cv
cljs$cst$916$gen_SLASH_infinite_QMARK_:Ix
cljs$cst$917$gen_SLASH_NaN_QMARK_:Wv
cljs$cst$918$malli_DOT_generator_SLASH_generator_ast:Tu
cljs$cst$919$vector_min:Jp
cljs$cst$92$mode:Vp
cljs$cst$920$generator:Lt
cljs$cst$921$malli_DOT_generator_SLASH_distinct_generator_failure:Pm
cljs$cst$922$malli_DOT_generator_SLASH_such_that_failure:Ky
cljs$cst$923$malli_DOT_generator_SLASH_rec_gen:yq
cljs$cst$924$malli_DOT_generator_SLASH_default:dv
cljs$cst$925$gen_SLASH_return:ip
cljs$cst$926$gen_SLASH_elements:Rp
cljs$cst$927$gen_SLASH_gen:Fp
cljs$cst$928$gen_SLASH_schema:Dy
cljs$cst$929$gen_SLASH_fmap:bp
cljs$cst$930$malli_DOT_generator_SLASH_no_generator:po
cljs$cst$931$options:jw
cljs$cst$932$size:jm
cljs$cst$942$s:Sv
cljs$cst$943$z:Qv
cljs$cst$944$l:ew
cljs$cst$945$j:dw
cljs$cst$946$i:iw
cljs$cst$947$o:Uv
cljs$cst$948$t:Tv
cljs$cst$949$kind:it
cljs$cst$950$dir:cv
cljs$cst$951$shape:gs
cljs$cst$952$cw:xt
cljs$cst$953$tetr:Gu
cljs$cst$957$move_down:Zw
cljs$cst$958$move_left:fr
cljs$cst$959$move_right:zu
cljs$cst$960$rotate_cw:sp
cljs$cst$961$rotate_ccw:Xv
cljs$cst$962$hard_drop:um
cljs$cst$963$lock:rv
cljs$cst$964$pos:yy
cljs$cst$965$spawn_piece:ix
cljs$cst$966$line_clear:av
cljs$cst$967$last_board:No
cljs$cst$968$full_rows:bq
cljs$cst$969$game_over:xv
cljs$cst$970$settings:us
cljs$cst$971$das:Kw
cljs$cst$972$dcd:Aw
cljs$cst$973$sdf:uv
cljs$cst$974$lock_delay:un
cljs$cst$975$level:Av
cljs$cst$976$board:Xp
cljs$cst$977$ghost:so
cljs$cst$978$events:tx
cljs$cst$979$playing:Fx
cljs$cst$980$paused:vt
cljs$cst$981$rand_range:gy
cljs$cst$982$ccw:qp
cljs$cst$983$soft_drop:ky
cljs$cst$984$pressed_buttons:Cq
cljs$cst$985$last_pressed_buttons:$t
cljs$cst$986$just_pressed_buttons:vo
cljs$cst$987$Enter:vn
cljs$cst$988$ArrowDown:ko
cljs$cst$989$ArrowLeft:Bq
cljs$cst$990$ArrowRight:ov
cljs$cst$991$ArrowUp:Gp
cljs$cst$992$ControlRight:Sp
cljs$cst$993$Space:kr
cljs$cst$994$fall_timer:Vs
cljs$cst$995$lock_timer:Ay
cljs$cst$996$das_timer:zp
cljs$cst$997$arr_timer:ep
cljs$cst$998$dcd_timer:nt
cljs$cst$999$sdf_timer:Rx
cljs$math$HI:LM
cljs$math$LO:MM
cljs$math$floor:QM
cljs$math$little_endian_QMARK_:HM
cljs$math$power_of_two:RM
cljs$pprint$_STAR_code_table_STAR_:rQ
cljs$pprint$_STAR_current_length_STAR_:hO
cljs$pprint$_STAR_current_level_STAR_:gO
cljs$pprint$_STAR_format_str_STAR_:uO
cljs$pprint$_STAR_print_base_STAR_:fO
cljs$pprint$_STAR_print_circle_STAR_:cO
cljs$pprint$_STAR_print_lines_STAR_:bO
cljs$pprint$_STAR_print_miser_width_STAR_:XN
cljs$pprint$_STAR_print_pprint_dispatch_STAR_:aO
cljs$pprint$_STAR_print_pretty_STAR_:$N
cljs$pprint$_STAR_print_radix_STAR_:eO
cljs$pprint$_STAR_print_right_margin_STAR_:WN
cljs$pprint$_STAR_print_suppress_namespaces_STAR_:dO
cljs$pprint$_STAR_symbol_map_STAR_:qQ
cljs$pprint$_ppflush:rN
cljs$pprint$abort_QMARK_:YO
cljs$pprint$absolute_reposition:zO
cljs$pprint$add_english_scales:QO
cljs$pprint$add_to_buffer:RN
cljs$pprint$ancestor_QMARK_:zN
cljs$pprint$arg_navigator:wO
cljs$pprint$base_str:GO
cljs$pprint$boolean_conditional:iP
cljs$pprint$brackets:gQ
cljs$pprint$buffer_blob:AN
cljs$pprint$c_write_char:wN
cljs$pprint$cached_compile:RP
cljs$pprint$capitalize_string:vP
cljs$pprint$capitalize_word_writer:xP
cljs$pprint$char_code:mN
cljs$pprint$check_arg_conditional:jP
cljs$pprint$check_enumerated_arg:lO
cljs$pprint$check_flags:JP
cljs$pprint$choice_conditional:hP
cljs$pprint$cl_format$cljs$0core$0IFn$0_invoke$0arity$0variadic:pO
cljs$pprint$code_dispatch:sQ
cljs$pprint$collect_clauses:OP
cljs$pprint$compile_directive:LP
cljs$pprint$compile_format:qO
cljs$pprint$compile_raw_string:MP
cljs$pprint$compiled_directive:BO
cljs$pprint$conditional_newline:BP
cljs$pprint$consume:oN
cljs$pprint$directive_table:CP
cljs$pprint$dollar_float:gP
cljs$pprint$downcase_writer:sP
cljs$pprint$emit_nl:GN
cljs$pprint$emit_nl_QMARK_:LN
cljs$pprint$end_block:ZN
cljs$pprint$end_block_t:DN
cljs$pprint$english_cardinal_tens:MO
cljs$pprint$english_cardinal_units:KO
cljs$pprint$english_ordinal_tens:NO
cljs$pprint$english_ordinal_units:LO
cljs$pprint$english_scale_numbers:OO
cljs$pprint$execute_format$cljs$0core$0IFn$0_invoke$0arity$02:tO
cljs$pprint$execute_sub_format:ZO
cljs$pprint$exponential_float:eP
cljs$pprint$extract_flags:IP
cljs$pprint$extract_param:FP
cljs$pprint$fixed_float:dP
cljs$pprint$flag_defs:HP
cljs$pprint$float_parts:$O
cljs$pprint$format_ascii:FO
cljs$pprint$format_error:vO
cljs$pprint$format_integer:JO
cljs$pprint$format_roman:TO
cljs$pprint$format_simple_cardinal:PO
cljs$pprint$general_float:fP
cljs$pprint$get_column:uN
cljs$pprint$get_field:sN
cljs$pprint$get_fixed:bP
cljs$pprint$get_format_arg:yO
cljs$pprint$get_max_column:vN
cljs$pprint$get_section:MN
cljs$pprint$get_sub_section:NN
cljs$pprint$group_by_STAR_:IO
cljs$pprint$indent_t:EN
cljs$pprint$init_cap_writer:zP
cljs$pprint$init_navigator:rO
cljs$pprint$insert_scaled_decimal:cP
cljs$pprint$iterate_list_of_sublists:lP
cljs$pprint$iterate_main_list:mP
cljs$pprint$iterate_main_sublists:nP
cljs$pprint$iterate_sublist:kP
cljs$pprint$justify_clauses:pP
cljs$pprint$level_exceeded:mO
cljs$pprint$linear_nl_QMARK_:JN
cljs$pprint$logical_block:yN
cljs$pprint$logical_block_or_justify:oP
cljs$pprint$map_params:KP
cljs$pprint$map_passing_context:nN
cljs$pprint$miser_nl_QMARK_:KN
cljs$pprint$multi_defn:kQ
cljs$pprint$needs_pretty:sO
cljs$pprint$new_roman_table:SO
cljs$pprint$next_arg:xO
cljs$pprint$nl_t:BN
cljs$pprint$old_roman_table:RO
cljs$pprint$param_pattern:DP
cljs$pprint$plain_character:XO
cljs$pprint$pprint_binding_form:nQ
cljs$pprint$pprint_defn:lQ
cljs$pprint$pprint_hold_first:iQ
cljs$pprint$pprint_if:pQ
cljs$pprint$pprint_indent:oO
cljs$pprint$pprint_let:oQ
cljs$pprint$pprint_map:VP
cljs$pprint$pprint_newline:nO
cljs$pprint$pprint_ns_reference:hQ
cljs$pprint$pprint_pqueue:ZP
cljs$pprint$pprint_reader_macro:TP
cljs$pprint$pprint_set:XP
cljs$pprint$pprint_simple_code_list:mQ
cljs$pprint$pprint_simple_default:WP
cljs$pprint$pprint_vector:UP
cljs$pprint$pr:kN
cljs$pprint$pretty_character:VO
cljs$pprint$pretty_writer:VN
cljs$pprint$pretty_writer_QMARK_:iO
cljs$pprint$print:jN
cljs$pprint$prn:lN
cljs$pprint$process_bracket:NP
cljs$pprint$process_clause:PP
cljs$pprint$process_nesting:QP
cljs$pprint$readable_character:WO
cljs$pprint$reader_macros:SP
cljs$pprint$realize_parameter:CO
cljs$pprint$realize_parameter_list:DO
cljs$pprint$relative_reposition:AO
cljs$pprint$remainders:HO
cljs$pprint$render_clauses:qP
cljs$pprint$round_str:aP
cljs$pprint$set_field:tN
cljs$pprint$set_indent:AP
cljs$pprint$simple_dispatch:aQ
cljs$pprint$single_defn:jQ
cljs$pprint$special_chars:UO
cljs$pprint$special_params:EP
cljs$pprint$special_radix_markers:EO
cljs$pprint$split_at_newline:ON
cljs$pprint$start_block:YN
cljs$pprint$start_block_t:CN
cljs$pprint$t_cljs$0pprint33112:xN
cljs$pprint$t_cljs$0pprint34034:UN
cljs$pprint$t_cljs$0pprint34994:rP
cljs$pprint$t_cljs$0pprint35013:tP
cljs$pprint$t_cljs$0pprint35046:wP
cljs$pprint$t_cljs$0pprint35067:yP
cljs$pprint$tokens_fit_QMARK_:IN
cljs$pprint$translate_param:GP
cljs$pprint$tuple_map:qN
cljs$pprint$type_dispatcher:$P
cljs$pprint$type_map:YP
cljs$pprint$unzip_map:pN
cljs$pprint$upcase_writer:uP
cljs$pprint$write:kO
cljs$pprint$write_initial_lines:TN
cljs$pprint$write_line:QN
cljs$pprint$write_out:jO
cljs$pprint$write_token:FN
cljs$pprint$write_token_string:PN
cljs$pprint$write_tokens:HN
cljs$pprint$write_white_space:SN
cljs$reader$check:MG
cljs$reader$days_in_month:JG
cljs$reader$parse_and_validate_timestamp:NG
cljs$reader$parse_int:LG
cljs$reader$read_date:OG
cljs$reader$timestamp_regex:KG
cljs$spec$gen$alpha$LazyVar:YH
cljs$spec$gen$alpha$any_printable:HI
cljs$spec$gen$alpha$boolean$0:KI
cljs$spec$gen$alpha$char$0:NI
cljs$spec$gen$alpha$double$0:QI
cljs$spec$gen$alpha$elements$cljs$0core$0IFn$0_invoke$0arity$0variadic:sI
cljs$spec$gen$alpha$fmap$cljs$0core$0IFn$0_invoke$0arity$0variadic:pI
cljs$spec$gen$alpha$gen_builtins:pJ
cljs$spec$gen$alpha$gen_for_pred:qJ
cljs$spec$gen$alpha$keyword:TI
cljs$spec$gen$alpha$keyword_ns:WI
cljs$spec$gen$alpha$large_integer:ZI
cljs$spec$gen$alpha$large_integer_STAR_$cljs$0core$0IFn$0_invoke$0arity$0variadic:EI
cljs$spec$gen$alpha$list$cljs$0core$0IFn$0_invoke$0arity$0variadic:dI
cljs$spec$gen$alpha$map$cljs$0core$0IFn$0_invoke$0arity$0variadic:gI
cljs$spec$gen$alpha$one_of$cljs$0core$0IFn$0_invoke$0arity$0variadic:vI
cljs$spec$gen$alpha$qualified_QMARK_:oJ
cljs$spec$gen$alpha$return$0$cljs$0core$0IFn$0_invoke$0arity$0variadic:BI
cljs$spec$gen$alpha$set$cljs$0core$0IFn$0_invoke$0arity$0variadic:jI
cljs$spec$gen$alpha$simple_type_printable:bJ
cljs$spec$gen$alpha$string_alphanumeric:eJ
cljs$spec$gen$alpha$such_that$cljs$0core$0IFn$0_invoke$0arity$0variadic:yI
cljs$spec$gen$alpha$symbol:hJ
cljs$spec$gen$alpha$symbol_ns:kJ
cljs$spec$gen$alpha$uuid:nJ
cljs$spec$gen$alpha$vector$cljs$0core$0IFn$0_invoke$0arity$0variadic:mI
cljs$tagged_literals$JSValue:QG
cljs$tagged_literals$_STAR_cljs_data_readers_STAR_:RG
cljs$tagged_literals$valid_js_literal_key_QMARK_:PG
cljs$tools$reader$edn$dispatch_macros:lG
cljs$tools$reader$edn$escape_char:zG
cljs$tools$reader$edn$macro_terminating_QMARK_:gG
cljs$tools$reader$edn$macros:hG
cljs$tools$reader$edn$not_constituent_QMARK_:iG
cljs$tools$reader$edn$read:uG
cljs$tools$reader$edn$read$cljs$0core$0IFn$0_invoke$0arity$02:IG
cljs$tools$reader$edn$read$cljs$0core$0IFn$0_invoke$0arity$04:tG
cljs$tools$reader$edn$read_char_STAR_:qG
cljs$tools$reader$edn$read_delimited:sG
cljs$tools$reader$edn$read_discard:FG
cljs$tools$reader$edn$read_dispatch:kG
cljs$tools$reader$edn$read_keyword:CG
cljs$tools$reader$edn$read_list:vG
cljs$tools$reader$edn$read_map:xG
cljs$tools$reader$edn$read_meta:DG
cljs$tools$reader$edn$read_namespaced_map:GG
cljs$tools$reader$edn$read_number:yG
cljs$tools$reader$edn$read_set:EG
cljs$tools$reader$edn$read_string_STAR_:AG
cljs$tools$reader$edn$read_symbol:BG
cljs$tools$reader$edn$read_symbolic_value:HG
cljs$tools$reader$edn$read_tagged:mG
cljs$tools$reader$edn$read_token$cljs$0core$0IFn$0_invoke$0arity$04:jG
cljs$tools$reader$edn$read_unicode_char$cljs$0core$0IFn$0_invoke$0arity$04:oG
cljs$tools$reader$edn$read_unicode_char$cljs$0core$0IFn$0_invoke$0arity$05:pG
cljs$tools$reader$edn$read_unmatched_delimiter:nG
cljs$tools$reader$edn$read_vector:wG
cljs$tools$reader$edn$starting_line_col_info:rG
cljs$tools$reader$impl$commons$float_pattern:aG
cljs$tools$reader$impl$commons$int_pattern:ZF
cljs$tools$reader$impl$commons$match_number:cG
cljs$tools$reader$impl$commons$matches_QMARK_:bG
cljs$tools$reader$impl$commons$number_literal_QMARK_:XF
cljs$tools$reader$impl$commons$parse_symbol:dG
cljs$tools$reader$impl$commons$ratio_pattern:$F
cljs$tools$reader$impl$commons$read_comment:eG
cljs$tools$reader$impl$commons$read_past:YF
cljs$tools$reader$impl$commons$throwing_reader:fG
cljs$tools$reader$impl$errors$duplicate_keys_error:VF
cljs$tools$reader$impl$errors$eof_error$cljs$0core$0IFn$0_invoke$0arity$0variadic:OF
cljs$tools$reader$impl$errors$illegal_arg_error$cljs$0core$0IFn$0_invoke$0arity$0variadic:NF
cljs$tools$reader$impl$errors$reader_error$cljs$0core$0IFn$0_invoke$0arity$0variadic:MF
cljs$tools$reader$impl$errors$throw_bad_char:RF
cljs$tools$reader$impl$errors$throw_bad_octal_number:UF
cljs$tools$reader$impl$errors$throw_dup_keys:WF
cljs$tools$reader$impl$errors$throw_eof_reading$cljs$0core$0IFn$0_invoke$0arity$0variadic:SF
cljs$tools$reader$impl$errors$throw_ex$cljs$0core$0IFn$0_invoke$0arity$0variadic:LF
cljs$tools$reader$impl$errors$throw_invalid:QF
cljs$tools$reader$impl$errors$throw_invalid_unicode_digit:TF
cljs$tools$reader$impl$errors$throw_odd_map:PF
cljs$tools$reader$impl$inspect$inspect$cljs$0core$0IFn$0_invoke$0arity$01:KF
cljs$tools$reader$impl$inspect$inspect_STAR_:EF
cljs$tools$reader$impl$inspect$inspect_STAR__col:DF
cljs$tools$reader$impl$utils$ReaderConditional:cF
cljs$tools$reader$impl$utils$char_code:iF
cljs$tools$reader$impl$utils$namespace_keys:hF
cljs$tools$reader$impl$utils$newline_QMARK_:gF
cljs$tools$reader$impl$utils$numeric_QMARK_:fF
cljs$tools$reader$impl$utils$whitespace_QMARK_:eF
cljs$tools$reader$impl$utils$ws_rx:dF
cljs$tools$reader$reader_types$IndexingPushbackReader:sF
cljs$tools$reader$reader_types$PushbackReader:qF
cljs$tools$reader$reader_types$SourceLoggingPushbackReader:tF
cljs$tools$reader$reader_types$StringReader:pF
cljs$tools$reader$reader_types$get_column_number:nF
cljs$tools$reader$reader_types$get_file_name:oF
cljs$tools$reader$reader_types$get_line_number:mF
cljs$tools$reader$reader_types$indexing_reader_QMARK_:uF
cljs$tools$reader$reader_types$log_source_STAR_:xF
cljs$tools$reader$reader_types$normalize_newline:rF
cljs$tools$reader$reader_types$peek_char:kF
cljs$tools$reader$reader_types$read_char:jF
cljs$tools$reader$reader_types$read_line:wF
cljs$tools$reader$reader_types$string_push_back_reader$cljs$0core$0IFn$0_invoke$0arity$02:vF
cljs$tools$reader$reader_types$unread:lF
clojure:Vy
clojure$set$difference:WH
clojure$set$rename_keys:XH
clojure$string$ends_with_QMARK_:VD
clojure$string$join:TD
clojure$string$last_index_of$cljs$0core$0IFn$0_invoke$0arity$02:UD
clojure$string$replace:SD
clojure$string$replace_all:QD
clojure$string$replace_with:RD
clojure$test:ZH
clojure$test$check:$H
clojure$test$check$generators:aI
clojure$test$check$generators$Generator:eK
clojure$test$check$generators$MAX_INTEGER:JK
clojure$test$check$generators$MAX_POS_VALUE:PK
clojure$test$check$generators$MIN_INTEGER:KK
clojure$test$check$generators$MIN_NEG_VALUE:QK
clojure$test$check$generators$NAN:RK
clojure$test$check$generators$NEG_INFINITY:OK
clojure$test$check$generators$POS_INFINITY:NK
clojure$test$check$generators$any_printable:FI
clojure$test$check$generators$backwards_shrinking_significand:TK
clojure$test$check$generators$base_simple_type:jL
clojure$test$check$generators$bind:mK
clojure$test$check$generators$bind_helper:lK
clojure$test$check$generators$block_bounds:WK
clojure$test$check$generators$boolean$0:II
clojure$test$check$generators$call_gen:gK
clojure$test$check$generators$char$0:LI
clojure$test$check$generators$char_alpha:aL
clojure$test$check$generators$char_alphanumeric:$K
clojure$test$check$generators$char_ascii:ZK
clojure$test$check$generators$char_symbol_initial:dL
clojure$test$check$generators$char_symbol_noninitial:cL
clojure$test$check$generators$char_symbol_special:bL
clojure$test$check$generators$choose:uK
clojure$test$check$generators$coll_distinct_by:GK
clojure$test$check$generators$coll_distinct_by_STAR_:DK
clojure$test$check$generators$default_such_that_opts:yK
clojure$test$check$generators$distinct_by_QMARK_:EK
clojure$test$check$generators$double$0:OI
clojure$test$check$generators$double_STAR_:YK
clojure$test$check$generators$double_exp_and_sign:VK
clojure$test$check$generators$double_finite:XK
clojure$test$check$generators$elements:qI
clojure$test$check$generators$fmap:nI
clojure$test$check$generators$frequency:wK
clojure$test$check$generators$gen_bind:jK
clojure$test$check$generators$gen_fmap:iK
clojure$test$check$generators$gen_pure:hK
clojure$test$check$generators$gen_raw_long:IK
clojure$test$check$generators$gen_tuple:kK
clojure$test$check$generators$get_exponent:UK
clojure$test$check$generators$halfs:nK
clojure$test$check$generators$hashable_QMARK_:kL
clojure$test$check$generators$int_rose_tree:pK
clojure$test$check$generators$keyword:RI
clojure$test$check$generators$keyword_ns:UI
clojure$test$check$generators$large_integer:XI
clojure$test$check$generators$large_integer_STAR_:CI
clojure$test$check$generators$large_integer_STAR__STAR_:MK
clojure$test$check$generators$list:bI
clojure$test$check$generators$long__GT_large_integer:LK
clojure$test$check$generators$make_gen:fK
clojure$test$check$generators$map:eI
clojure$test$check$generators$nat:AK
clojure$test$check$generators$neg_int:CK
clojure$test$check$generators$one_of:tI
clojure$test$check$generators$pick:vK
clojure$test$check$generators$rand_range:qK
clojure$test$check$generators$random_pseudofactoring:mL
clojure$test$check$generators$randomized:nL
clojure$test$check$generators$ratio:iL
clojure$test$check$generators$recursive_gen:oL
clojure$test$check$generators$resize:sK
clojure$test$check$generators$resize_symbolish_generator:hL
clojure$test$check$generators$return$0:zI
clojure$test$check$generators$scale:tK
clojure$test$check$generators$set:hI
clojure$test$check$generators$shrink_big_int:oK
clojure$test$check$generators$simple_type_printable:$I
clojure$test$check$generators$sized:rK
clojure$test$check$generators$small_integer:BK
clojure$test$check$generators$string:eL
clojure$test$check$generators$string_alphanumeric:cJ
clojure$test$check$generators$string_ascii:fL
clojure$test$check$generators$such_that:wI
clojure$test$check$generators$such_that_helper:xK
clojure$test$check$generators$symbol:fJ
clojure$test$check$generators$symbol_name_or_namespace:gL
clojure$test$check$generators$symbol_ns:iJ
clojure$test$check$generators$the_shuffle_fn:FK
clojure$test$check$generators$tuple:zK
clojure$test$check$generators$uniform_integer:SK
clojure$test$check$generators$uuid:lJ
clojure$test$check$generators$vector:kI
clojure$test$check$generators$vector_distinct_by$cljs$0core$0IFn$0_invoke$0arity$03:HK
clojure$test$check$random$JavaUtilSplittableRandom:NJ
clojure$test$check$random$bxoubsr:FJ
clojure$test$check$random$doubles$big_double_unit:AJ
clojure$test$check$random$doubles$double_unit:wJ
clojure$test$check$random$golden_gamma:OJ
clojure$test$check$random$longs$ONE:vJ
clojure$test$check$random$longs$_STAR_:uJ
clojure$test$check$random$longs$bit_count_impl$bit_count:tJ
clojure$test$check$random$make_java_util_splittable_random:PJ
clojure$test$check$random$mix_64:IJ
clojure$test$check$random$mix_64_const_1:GJ
clojure$test$check$random$mix_64_const_2:HJ
clojure$test$check$random$mix_gamma:MJ
clojure$test$check$random$mix_gamma_const_1:JJ
clojure$test$check$random$mix_gamma_const_2:KJ
clojure$test$check$random$mix_gamma_const_3:LJ
clojure$test$check$random$next_rng:QJ
clojure$test$check$random$rand_double:CJ
clojure$test$check$random$rand_long:BJ
clojure$test$check$random$split:DJ
clojure$test$check$random$split_n:EJ
clojure$test$check$rose_tree$RoseTree:RJ
clojure$test$check$rose_tree$bifurcate:bK
clojure$test$check$rose_tree$exclude_nth:UJ
clojure$test$check$rose_tree$filter:XJ
clojure$test$check$rose_tree$fmap:WJ
clojure$test$check$rose_tree$join:VJ
clojure$test$check$rose_tree$make_rose:TJ
clojure$test$check$rose_tree$permutations:YJ
clojure$test$check$rose_tree$remove:$J
clojure$test$check$rose_tree$root:SJ
clojure$test$check$rose_tree$shrink:aK
clojure$test$check$rose_tree$shrink_vector:dK
clojure$test$check$rose_tree$shrink_vector_STAR_:cK
clojure$test$check$rose_tree$zip:ZJ
d$jscomp$inline_1969:OM
edamame$impl$ns_parser$_ns:CF
edamame$impl$ns_parser$libspec_QMARK_:yF
edamame$impl$ns_parser$load_lib:AF
edamame$impl$ns_parser$load_libs:BF
edamame$impl$ns_parser$prependss:zF
edamame$impl$parser$Exception:bH
edamame$impl$parser$Loc:rH
edamame$impl$parser$Options:PH
edamame$impl$parser$array_dim:iH
edamame$impl$parser$attach_splice:CH
edamame$impl$parser$auto_resolve$cljs$0core$0IFn$0_invoke$0arity$06:FH
edamame$impl$parser$continue$0:$G
edamame$impl$parser$desugar_meta$cljs$0core$0IFn$0_invoke$0arity$01:MH
edamame$impl$parser$desugar_meta$cljs$0core$0IFn$0_invoke$0arity$02:NH
edamame$impl$parser$dispatch:OH
edamame$impl$parser$duplicate_keys_error:zH
edamame$impl$parser$edn_read:pH
edamame$impl$parser$eof:ZG
edamame$impl$parser$escape_char:lH
edamame$impl$parser$expected_delimiter:aH
edamame$impl$parser$get_auto_resolve$cljs$0core$0IFn$0_invoke$0arity$04:EH
edamame$impl$parser$location:sH
edamame$impl$parser$map__GT_Options:QH
edamame$impl$parser$non_match:uH
edamame$impl$parser$normalize_opts:RH
edamame$impl$parser$number_literal_QMARK_:kH
edamame$impl$parser$parse_keyword:LH
edamame$impl$parser$parse_long_STAR_:hH
edamame$impl$parser$parse_map:KH
edamame$impl$parser$parse_namespaced_map:HH
edamame$impl$parser$parse_next:xH
edamame$impl$parser$parse_next$cljs$0core$0IFn$0_invoke$0arity$02:wH
edamame$impl$parser$parse_next$cljs$0core$0IFn$0_invoke$0arity$03:JH
edamame$impl$parser$parse_reader_conditional:DH
edamame$impl$parser$parse_set:BH
edamame$impl$parser$parse_sharp:IH
edamame$impl$parser$parse_string_STAR_:qH
edamame$impl$parser$parse_symbol:jH
edamame$impl$parser$parse_to_delimiter$cljs$0core$0IFn$0_invoke$0arity$04:vH
edamame$impl$parser$read_char_STAR_:mH
edamame$impl$parser$read_number:oH
edamame$impl$parser$read_regex_pattern:yH
edamame$impl$parser$read_symbol$cljs$0core$0IFn$0_invoke$0arity$03:GH
edamame$impl$parser$read_symbolic_value:nH
edamame$impl$parser$read_token:gH
edamame$impl$parser$skip_whitespace:tH
edamame$impl$parser$throw_dup_keys:AH
edamame$impl$parser$throw_reader$cljs$0core$0IFn$0_invoke$0arity$03:cH
edamame$impl$parser$throw_reader$cljs$0core$0IFn$0_invoke$0arity$04:dH
edamame$impl$parser$throw_reader$cljs$0core$0IFn$0_invoke$0arity$05:eH
edamame$impl$parser$whitespace_QMARK_:fH
edamame$impl$read_fn$postwalk_STAR_:TG
edamame$impl$read_fn$read_fn:UG
edamame$impl$read_fn$walk_STAR_:SG
edamame$impl$syntax_quote$flatten_map:XG
edamame$impl$syntax_quote$syntax_quote:WG
edamame$impl$syntax_quote$syntax_quote_STAR_:YG
edamame$impl$syntax_quote$syntax_quote_coll:VG
fipp$ednize$IEdn:WD
fipp$engine$serialize:sE
fipp$engine$serialize_node:mE
fipp$visit$visit_boolean:ZD
fipp$visit$visit_keyword:bE
fipp$visit$visit_map:fE
fipp$visit$visit_meta:iE
fipp$visit$visit_nil:YD
fipp$visit$visit_number:cE
fipp$visit$visit_pattern:kE
fipp$visit$visit_record:lE
fipp$visit$visit_seq:dE
fipp$visit$visit_set:gE
fipp$visit$visit_string:$D
fipp$visit$visit_symbol:aE
fipp$visit$visit_tagged:hE
fipp$visit$visit_unknown:XD
fipp$visit$visit_var:jE
fipp$visit$visit_vector:eE
fn$jscomp$inline_3058:MD
g__13354__auto___29789:cI
g__13354__auto___29793:fI
g__13354__auto___29804:iI
g__13354__auto___29811:lI
g__13354__auto___29830:oI
g__13354__auto___29838:rI
g__13354__auto___29855:uI
g__13354__auto___29862:xI
g__13354__auto___29883:AI
g__13354__auto___29889:DI
g__13367__auto___29930:GI
g__13367__auto___29944:JI
g__13367__auto___29954:MI
g__13367__auto___29981:PI
g__13367__auto___29990:SI
g__13367__auto___29999:VI
g__13367__auto___30005:YI
g__13367__auto___30018:aJ
g__13367__auto___30042:dJ
g__13367__auto___30049:gJ
g__13367__auto___30057:jJ
g__13367__auto___30061:mJ
goog$UID_PROPERTY_:ha
goog$Uri:Ya
goog$Uri$QueryData:db
goog$Uri$decodeOrEmpty_:cb
goog$Uri$encodeChar_:kb
goog$Uri$encodeSpecialChars_:eb
goog$Uri$reDisallowedInAbsolutePath_:gb
goog$Uri$reDisallowedInFragment_:ib
goog$Uri$reDisallowedInQuery_:jb
goog$Uri$reDisallowedInRelativePath_:hb
goog$Uri$reDisallowedInSchemeOrUserInfo_:fb
goog$dom$DIRECT_ATTRIBUTE_MAP_:CM
goog$dom$append_:EM
goog$dom$createDom:DM
goog$dom$setProperties:BM
goog$getUid:fa
goog$global:ca
goog$isArrayLike:da
goog$isObject:ea
goog$string$StringBuffer:ob
goog$string$internal$isEmptyOrWhitespace:Da
goog$string$internal$startsWith:Ba
goog$string$isUnicodeChar:Pa
goog$string$toCamelCase:Qa
goog$string$toTitleCase:Ra
goog$structs$forEach:Ua
goog$structs$getKeys:Ta
goog$structs$getValues:Sa
goog$style$setStyle_:FM
goog$style$styleNameCache_:GM
goog$typeOf:m
goog$uidCounter_:ka
goog$uri$utils$parseQueryData:Xa
goog$uri$utils$splitRe_:Va
goog$userAgent$GECKO:zM
goog$userAgent$IE:yM
goog$userAgent$WEBKIT:AM
hierarchy__5772__auto__$jscomp$inline_2590:rE
hierarchy__5772__auto__$jscomp$inline_2644:JF
hierarchy__5772__auto__$jscomp$inline_2890:fQ
hierarchy__5772__auto__$jscomp$inline_2924:xQ
i$jscomp$inline_1817:xJ
i$jscomp$inline_1965:JM
i_30319$jscomp$inline_1815:sJ
log2_32365:lL
m$jscomp$inline_2582:ND
malli$core$Tag:TA
malli$core$Tags:WA
malli$core$_STAR_ref_validators_STAR_:PC
malli$core$_ast:OB
malli$core$_cache:DA
malli$core$_cached:wB
malli$core$_check_children_BANG_$cljs$0core$0IFn$0_invoke$0arity$05:bB
malli$core$_children:tA
malli$core$_collection_schema:zC
malli$core$_comp:dB
malli$core$_create_cache:uB
malli$core$_create_entry_form:AB
malli$core$_create_entry_parser:LB
malli$core$_create_form:yB
malli$core$_default_entry:MB
malli$core$_default_entry_schema:NB
malli$core$_deref:FA
malli$core$_dissoc_map_keys:sC
malli$core$_distribute_to_children:OA
malli$core$_distributive_schema_QMARK_:NA
malli$core$_eager_entry_parser:IB
malli$core$_entries:BA
malli$core$_entry_ast:RB
malli$core$_entry_children:yA
malli$core$_entry_entries:zA
malli$core$_entry_forms:AA
malli$core$_entry_keyset:xA
malli$core$_entry_parser:CA
malli$core$_exception:ZA
malli$core$_explainer:qA
malli$core$_fail_BANG_:$A
malli$core$_form:vA
malli$core$_from_value_ast:VB
malli$core$_function_info:LA
malli$core$_function_schema_QMARK_:KA
malli$core$_group_by_arity_BANG_:hB
malli$core$_identify_ref_schema:OC
malli$core$_instrument:ZC
malli$core$_instrument$cljs$0core$0IFn$0_invoke$0arity$02:PD
malli$core$_instrument$cljs$0core$0IFn$0_invoke$0arity$03:YC
malli$core$_instrument_f:MA
malli$core$_into_schema:oA
malli$core$_lazy_entry_parser:KB
malli$core$_lookup:rB
malli$core$_lookup_BANG_:tB
malli$core$_lookup_or_update_cache:vB
malli$core$_memoize:gB
malli$core$_min_max_pred:YB
malli$core$_needed_bounded_checks:bC
malli$core$_options:sA
malli$core$_parent:uA
malli$core$_parse_entry:FB
malli$core$_parser_info:PA
malli$core$_pr_writer_into_schema:RA
malli$core$_pr_writer_schema:SA
malli$core$_properties:rA
malli$core$_property_registry:pB
malli$core$_raw_form:xB
malli$core$_re_alt_min_max:jB
malli$core$_re_min_max:iB
malli$core$_ref:EA
malli$core$_ref_schema:HB
malli$core$_ref_schema$cljs$0core$0IFn$0_invoke$0arity$01:GB
malli$core$_ref_schema_QMARK_:QA
malli$core$_reference_QMARK_:cB
malli$core$_regex_explainer:IA
malli$core$_regex_min_max:JA
malli$core$_regex_op_QMARK_:GA
malli$core$_regex_validator:HA
malli$core$_register_var$cljs$0core$0IFn$0_invoke$0arity$03:kB
malli$core$_register_var$cljs$0core$0IFn$0_invoke$0arity$04:lB
malli$core$_registry$cljs$0core$0IFn$0_invoke$0arity$01:nB
malli$core$_safe_count:ZB
malli$core$_safe_pred:aB
malli$core$_safely_countable_QMARK_:$B
malli$core$_schema_schema:UC
malli$core$_sequence_entry_schema:hD
malli$core$_sequence_schema:eD
malli$core$_simple_entry_parser:CB
malli$core$_simple_form:zB
malli$core$_simple_parser:dC
malli$core$_simple_schema:mB
malli$core$_to_ast:wA
malli$core$_to_child_ast:UB
malli$core$_to_type_ast:XB
malli$core$_to_value_ast:WB
malli$core$_type:mA
malli$core$_type_properties:nA
malli$core$_update:eB
malli$core$_val_schema:EB
malli$core$_val_schema$cljs$0core$0IFn$0_invoke$0arity$02:DB
malli$core$_validate_bounded_limits:cC
malli$core$_validate_limits:aC
malli$core$_validator:pA
malli$core$_vmap$cljs$0core$0IFn$0_invoke$0arity$02:fB
malli$core$ast:QB
malli$core$ast$cljs$0core$0IFn$0_invoke$0arity$01:TB
malli$core$ast$cljs$0core$0IFn$0_invoke$0arity$02:PB
malli$core$children:oD
malli$core$default_registry:oB
malli$core$deref$cljs$0core$0IFn$0_invoke$0arity$02:rD
malli$core$deref_all$cljs$0core$0IFn$0_invoke$0arity$01:sD
malli$core$entries:qD
malli$core$eval:JC
malli$core$eval$cljs$0core$0IFn$0_invoke$0arity$02:IC
malli$core$explainer$cljs$0core$0IFn$0_invoke$0arity$02:pD
malli$core$into_schema:jD
malli$core$into_schema$cljs$0core$0IFn$0_invoke$0arity$04:kD
malli$core$into_schema_QMARK_:iD
malli$core$options$cljs$0core$0IFn$0_invoke$0arity$02:nD
malli$core$properties:mD
malli$core$schema:qB
malli$core$schema_QMARK_:sB
malli$core$t_malli$0core28869:BB
malli$core$t_malli$0core28909:JB
malli$core$t_malli$0core29034:fC
malli$core$t_malli$0core29044:eC
malli$core$t_malli$0core29069:hC
malli$core$t_malli$0core29086:gC
malli$core$t_malli$0core29139:jC
malli$core$t_malli$0core29145:iC
malli$core$t_malli$0core29232:lC
malli$core$t_malli$0core29247:kC
malli$core$t_malli$0core29339:nC
malli$core$t_malli$0core29351:mC
malli$core$t_malli$0core29416:pC
malli$core$t_malli$0core29428:oC
malli$core$t_malli$0core29474:rC
malli$core$t_malli$0core29484:qC
malli$core$t_malli$0core29557:uC
malli$core$t_malli$0core29604:tC
malli$core$t_malli$0core29724:wC
malli$core$t_malli$0core29769:vC
malli$core$t_malli$0core29902:yC
malli$core$t_malli$0core29991:xC
malli$core$t_malli$0core30112:BC
malli$core$t_malli$0core30133:AC
malli$core$t_malli$0core30210:DC
malli$core$t_malli$0core30228:CC
malli$core$t_malli$0core30301:FC
malli$core$t_malli$0core30313:EC
malli$core$t_malli$0core30342:HC
malli$core$t_malli$0core30348:GC
malli$core$t_malli$0core30366:LC
malli$core$t_malli$0core30383:KC
malli$core$t_malli$0core30444:NC
malli$core$t_malli$0core30486:MC
malli$core$t_malli$0core30616:RC
malli$core$t_malli$0core30648:QC
malli$core$t_malli$0core30758:TC
malli$core$t_malli$0core30775:SC
malli$core$t_malli$0core30876:WC
malli$core$t_malli$0core30919:VC
malli$core$t_malli$0core31030:$C
malli$core$t_malli$0core31056:XC
malli$core$t_malli$0core31159:bD
malli$core$t_malli$0core31171:aD
malli$core$t_malli$0core31312:dD
malli$core$t_malli$0core31325:cD
malli$core$t_malli$0core31417:gD
malli$core$t_malli$0core31429:fD
malli$core$tag:UA
malli$core$tag_QMARK_:VA
malli$core$tags:XA
malli$core$tags_QMARK_:YA
malli$core$type:SB
malli$core$type_properties$cljs$0core$0IFn$0_invoke$0arity$02:lD
malli$dev$pretty$_errors:UH
malli$dev$pretty$_explain:VH
malli$dev$virhe$_block:wE
malli$dev$virhe$_color:uE
malli$dev$virhe$_dark_colors:tE
malli$dev$virhe$_format:xE
malli$dev$virhe$_visit:vE
malli$edn$_fail_BANG_:TH
malli$edn$_var_symbol:SH
malli$error$_en_humanize_negation:FE
malli$error$_error_value:SE
malli$error$_fill:OE
malli$error$_forward_negation:JE
malli$error$_get:NE
malli$error$_levenshtein:VE
malli$error$_likely_misspelled:XE
malli$error$_masked:TE
malli$error$_maybe_localized:LE
malli$error$_message:ME
malli$error$_most_similar_to:YE
malli$error$_next_row:UE
malli$error$_pr_str:CE
malli$error$_pred_min_max_error_fn:DE
malli$error$_push:PE
malli$error$_push_in:QE
malli$error$_replace_in:RE
malli$error$_resolve_direct_error:ZE
malli$error$_similar_key:WE
malli$error$default_errors:KE
malli$error$error_message:IE
malli$error$error_message$cljs$0core$0IFn$0_invoke$0arity$02:HE
malli$error$humanize$cljs$0core$0IFn$0_invoke$0arity$02:bF
malli$error$with_error_messages$cljs$0core$0IFn$0_invoke$0arity$02:$E
malli$error$with_spell_checking$cljs$0core$0IFn$0_invoke$0arity$02:aF
malli$generator$__EQ__GT__gen:XL
malli$generator$__GT_such_that_opts:JL
malli$generator$_alt_gen:cM
malli$generator$_and_gen:LL
malli$generator$_build_map:RL
malli$generator$_cat_gen:bM
malli$generator$_child:rL
malli$generator$_child_gen:sL
malli$generator$_coll_distinct_gen:IL
malli$generator$_coll_gen$cljs$0core$0IFn$0_invoke$0arity$03:HL
malli$generator$_create:iM
malli$generator$_create_from_fmap:hM
malli$generator$_entry_gen:SL
malli$generator$_function_gen:$L
malli$generator$_generator:pL
malli$generator$_identify_ref_schema:VL
malli$generator$_map_gen:TL
malli$generator$_map_of_gen:UL
malli$generator$_merge_keyword_dispatch_map_into_entries:PL
malli$generator$_min_max:yL
malli$generator$_multi_gen:QL
malli$generator$_never_gen:vL
malli$generator$_not_unreachable:xh
malli$generator$_or_gen:OL
malli$generator$_qualified_ident_gen:dM
malli$generator$_re_entry_gen:aM
malli$generator$_ref_gen:WL
malli$generator$_schema_generator:gM
malli$generator$_seqable_gen:NL
malli$generator$_unreachable:xL
malli$generator$_unreachable_gen_QMARK_:wL
malli$generator$double_default:DL
malli$generator$double_gen:fM
malli$generator$gen_double:EL
malli$generator$gen_elements:eM
malli$generator$gen_fcat:AL
malli$generator$gen_fmap:zL
malli$generator$gen_maybe:CL
malli$generator$gen_one_of:ML
malli$generator$gen_such_that:KL
malli$generator$gen_tuple:BL
malli$generator$gen_vector:FL
malli$generator$gen_vector_distinct_by:GL
malli$generator$generate:ZL
malli$generator$generate$cljs$0core$0IFn$0_invoke$0arity$02:YL
malli$generator$generator:uL
malli$generator$generator$cljs$0core$0IFn$0_invoke$0arity$02:tL
malli$generator$nil_gen:qL
malli$impl$regex$Cache:Wz
malli$impl$regex$CacheEntry:Vz
malli$impl$regex$CheckDriver:Xz
malli$impl$regex$ExplanationDriver:Zz
malli$impl$regex$_PLUS__parser:Nz
malli$impl$regex$_PLUS__unparser:Oz
malli$impl$regex$_STAR__explainer:Jz
malli$impl$regex$_STAR__parser:Kz
malli$impl$regex$_STAR__transformer:Mz
malli$impl$regex$_STAR__unparser:Lz
malli$impl$regex$_STAR__validator:Iz
malli$impl$regex$alt_explainer:Cz
malli$impl$regex$alt_parser:Dz
malli$impl$regex$alt_transformer:Hz
malli$impl$regex$alt_unparser:Fz
malli$impl$regex$alt_validator:Bz
malli$impl$regex$altn_parser:Ez
malli$impl$regex$altn_unparser:Gz
malli$impl$regex$cat_explainer:vz
malli$impl$regex$cat_parser:wz
malli$impl$regex$cat_transformer:Az
malli$impl$regex$cat_unparser:yz
malli$impl$regex$cat_validator:uz
malli$impl$regex$catn_parser:xz
malli$impl$regex$catn_unparser:zz
malli$impl$regex$end_explainer:pz
malli$impl$regex$end_validator:oz
malli$impl$regex$ensure_cached_BANG_:Uz
malli$impl$regex$entry__GT_regex:tz
malli$impl$regex$explainer:$z
malli$impl$regex$fail_BANG_:jz
malli$impl$regex$fmap_parser:sz
malli$impl$regex$item_explainer:nz
malli$impl$regex$item_validator:mz
malli$impl$regex$noncaching_park_explainer_BANG_:gz
malli$impl$regex$noncaching_park_transformer_BANG_:kz
malli$impl$regex$noncaching_park_validator_BANG_:ez
malli$impl$regex$park_explainer_BANG_:hz
malli$impl$regex$park_transformer_BANG_:lz
malli$impl$regex$park_validator_BANG_:fz
malli$impl$regex$pure_parser:qz
malli$impl$regex$pure_unparser:rz
malli$impl$regex$repeat_explainer:Qz
malli$impl$regex$repeat_parser:Rz
malli$impl$regex$repeat_transformer:Tz
malli$impl$regex$repeat_unparser:Sz
malli$impl$regex$repeat_validator:Pz
malli$impl$regex$validator:Yz
malli$impl$regex$value_path:iz
malli$impl$util$_PLUS_max_size_PLUS_:Wy
malli$impl$util$_error$cljs$0core$0IFn$0_invoke$0arity$04:$y
malli$impl$util$_error$cljs$0core$0IFn$0_invoke$0arity$05:az
malli$impl$util$_every_pred:cz
malli$impl$util$_map_valid:Xy
malli$impl$util$_merge:Zy
malli$impl$util$_reduce_kv_valid:Yy
malli$impl$util$_some_pred:dz
malli$impl$util$_vmap$cljs$0core$0IFn$0_invoke$0arity$02:bz
malli$registry$Registry:aA
malli$registry$_schema:bA
malli$registry$_schemas:cA
malli$registry$composite_registry$cljs$0core$0IFn$0_invoke$0arity$0variadic:jA
malli$registry$registry:fA
malli$registry$registry_STAR_:gA
malli$registry$t_malli$0registry21706:dA
malli$registry$t_malli$0registry21719:eA
malli$registry$t_malli$0registry21737:hA
malli$registry$t_malli$0registry21753:iA
malli$registry$t_malli$0registry21799:kA
malli$util$_required_map_entry_QMARK_:yE
malli$util$merge:zE
malli$util$select_keys:BE
malli$util$transform_entries$cljs$0core$0IFn$0_invoke$0arity$03:AE
map__31155__$1$jscomp$inline_3052:GD
max$jscomp$inline_3055:JD
method_cache__5770__auto__$jscomp$inline_2588:pE
method_cache__5770__auto__$jscomp$inline_2642:HF
method_cache__5770__auto__$jscomp$inline_2888:dQ
method_cache__5770__auto__$jscomp$inline_2922:vQ
method_table__5768__auto__$jscomp$inline_2586:nE
method_table__5768__auto__$jscomp$inline_2640:FF
method_table__5768__auto__$jscomp$inline_2886:bQ
method_table__5768__auto__$jscomp$inline_2920:tQ
min$jscomp$inline_3054:ID
module$contents$goog$array_defaultCompare:Na
module$contents$goog$array_forEach:Ja
module$contents$goog$array_sort:Ma
module$contents$goog$array_stableSort:Oa
module$contents$goog$array_toArray:La
module$contents$goog$labs$userAgent$platform_isIphone:xM
module$contents$goog$labs$userAgent$util_getNativeUserAgentString:Ha
module$contents$goog$labs$userAgent$util_matchUserAgent:Ia
module$contents$goog$math$Long_Long:ma
module$contents$goog$math$Long_Long$fromBits:la
module$contents$goog$math$Long_Long$fromNumber:na
module$contents$goog$math$Long_Long$fromString:ta
module$contents$goog$math$Long_MAX_VALUE_:oa
module$contents$goog$math$Long_MIN_VALUE_:pa
module$contents$goog$math$Long_NEG_ONE_:za
module$contents$goog$math$Long_ONE_:ya
module$contents$goog$math$Long_ZERO_:sa
module$contents$goog$object_forEach:Ea
module$contents$goog$object_getKeys:Fa
module$node_modules$excalibur$build$dist$excalibur:Uy
p__31154$jscomp$inline_3051:FD
prefer_table__5769__auto__$jscomp$inline_2587:oE
prefer_table__5769__auto__$jscomp$inline_2641:GF
prefer_table__5769__auto__$jscomp$inline_2887:cQ
prefer_table__5769__auto__$jscomp$inline_2921:uQ
prefix_33450:EE
shadow$js$files:Qy
shadow$js$jsRequire:Ty
shadow$js$nativeProvides:Ry
shadow$js$requireStack:Sy
tetris$core$board$Board:oM
tetris$core$board$clear_lines:sM
tetris$core$board$collide_QMARK_:pM
tetris$core$board$find_full_rows:rM
tetris$core$board$lock_piece:qM
tetris$core$game$calc_fall_speed:SM
tetris$core$game$calc_soft_drop_speed:bN
tetris$core$game$check_game_over:YM
tetris$core$game$clear_full_lines:XM
tetris$core$game$get_ghost_position:TM
tetris$core$game$handle_command:dN
tetris$core$game$initial_state:cN
tetris$core$game$lock_and_advance:aN
tetris$core$game$move:VM
tetris$core$game$rand_piece:ZM
tetris$core$game$rotate:WM
tetris$core$game$spawn_piece:$M
tetris$core$game$update_ghost:UM
tetris$core$piece$Kind:jM
tetris$core$piece$Piece:kM
tetris$core$piece$__GT_matrix:mM
tetris$core$piece$get_shape:nM
tetris$core$piece$pieces:lM
tetris$engine$game:uM
tetris$input$handle_keyboard:fN
tetris$input$key__GT_button:eN
tetris$local_frame$handle_ok:hN
tetris$local_frame$on_shift_pressed:gN
tetris$local_frame$step:iN
tetris$render$line_clear_drop_moves:tM
tetris$resources$loader:wM
tetris$resources$resources:vM
tetris$scenes$gameplay$board$find_cells:FQ
tetris$scenes$gameplay$board_cljs$classdecl$var1:GQ
tetris$scenes$gameplay$piece$create_cells:AQ
tetris$scenes$gameplay$piece$create_piece$cljs$0core$0IFn$0_invoke$0arity$03:CQ
tetris$scenes$gameplay$piece$get_positions:zQ
tetris$scenes$gameplay$piece$set_dir:DQ
tetris$scenes$gameplay$piece$set_pos:EQ
tetris$scenes$gameplay$piece$set_positions:BQ
tetris$scenes$gameplay$piece_cljs$classdecl$var0:yQ
tetris$scenes$gameplay$scene_cljs$classdecl$var2:HQ
type$jscomp$inline_3053:HD
type_properties$jscomp$inline_3057:LD
x$jscomp$inline_1818:yJ
